Archive member included to satisfy reference by file (symbol)

../Middlewares/ST/AI/Lib\NetworkRuntime1010_CM4_GCC.a(ai_platform.o)
                              ./X-CUBE-AI/App/ai_model.o (ai_buffer_array_item_set_address)
../Middlewares/ST/AI/Lib\NetworkRuntime1010_CM4_GCC.a(ai_platform_interface.o)
                              ./X-CUBE-AI/App/ai_model.o (ai_platform_get_weights_map)
../Middlewares/ST/AI/Lib\NetworkRuntime1010_CM4_GCC.a(core_common.o)
                              ../Middlewares/ST/AI/Lib\NetworkRuntime1010_CM4_GCC.a(ai_platform_interface.o) (core_init)
../Middlewares/ST/AI/Lib\NetworkRuntime1010_CM4_GCC.a(core_mem_manager.o)
                              ../Middlewares/ST/AI/Lib\NetworkRuntime1010_CM4_GCC.a(ai_platform_interface.o) (core_mem_alloc)
../Middlewares/ST/AI/Lib\NetworkRuntime1010_CM4_GCC.a(layers.o)
                              ../Middlewares/ST/AI/Lib\NetworkRuntime1010_CM4_GCC.a(ai_platform_interface.o) (ai_check_custom_types)
../Middlewares/ST/AI/Lib\NetworkRuntime1010_CM4_GCC.a(layers_conv2d_generic_float.o)
                              ./X-CUBE-AI/App/ai_model.o (forward_conv2d_if32of32wf32_nl_pool)
../Middlewares/ST/AI/Lib\NetworkRuntime1010_CM4_GCC.a(layers_generic_float.o)
                              ./X-CUBE-AI/App/ai_model.o (forward_transpose)
../Middlewares/ST/AI/Lib\NetworkRuntime1010_CM4_GCC.a(layers_nl_generic_float.o)
                              ./X-CUBE-AI/App/ai_model.o (forward_relu)
../Middlewares/ST/AI/Lib\NetworkRuntime1010_CM4_GCC.a(layers_pad_generic.o)
                              ../Middlewares/ST/AI/Lib\NetworkRuntime1010_CM4_GCC.a(layers_generic_float.o) (forward_pad_8bit_ch1st_3x3_constant)
../Middlewares/ST/AI/Lib\NetworkRuntime1010_CM4_GCC.a(layers_resize.o)
                              ../Middlewares/ST/AI/Lib\NetworkRuntime1010_CM4_GCC.a(layers_generic_float.o) (forward_resize_nearest_if32of32)
../Middlewares/ST/AI/Lib\NetworkRuntime1010_CM4_GCC.a(layers_conv2d_integer_scratch.o)
                              ../Middlewares/ST/AI/Lib\NetworkRuntime1010_CM4_GCC.a(layers.o) (get_dense_scratch_size_s8)
../Middlewares/ST/AI/Lib\NetworkRuntime1010_CM4_GCC.a(forward_lite_argminmax.o)
                              ../Middlewares/ST/AI/Lib\NetworkRuntime1010_CM4_GCC.a(layers_generic_float.o) (forward_lite_argmax_if32)
../Middlewares/ST/AI/Lib\NetworkRuntime1010_CM4_GCC.a(forward_lite_conv2d_if32of32wf32.o)
                              ../Middlewares/ST/AI/Lib\NetworkRuntime1010_CM4_GCC.a(layers_conv2d_generic_float.o) (forward_lite_conv2d_if32of32wf32)
../Middlewares/ST/AI/Lib\NetworkRuntime1010_CM4_GCC.a(lite_nl_softmax_if32of32.o)
                              ../Middlewares/ST/AI/Lib\NetworkRuntime1010_CM4_GCC.a(layers_nl_generic_float.o) (forward_lite_nl_softmax_if32of32_kernel)
../Middlewares/ST/AI/Lib\NetworkRuntime1010_CM4_GCC.a(lite_nl_relu_if32of32.o)
                              ../Middlewares/ST/AI/Lib\NetworkRuntime1010_CM4_GCC.a(layers_nl_generic_float.o) (forward_lite_nl_prelu_if32of32_kernel)
../Middlewares/ST/AI/Lib\NetworkRuntime1010_CM4_GCC.a(lite_argminmax_if32_kernel.o)
                              ../Middlewares/ST/AI/Lib\NetworkRuntime1010_CM4_GCC.a(forward_lite_argminmax.o) (forward_lite_argmax_f32_kernel_ch)
../Middlewares/ST/AI/Lib\NetworkRuntime1010_CM4_GCC.a(lite_argminmax_is8_kernel.o)
                              ../Middlewares/ST/AI/Lib\NetworkRuntime1010_CM4_GCC.a(forward_lite_argminmax.o) (forward_lite_argmax_s8_kernel)
../Middlewares/ST/AI/Lib\NetworkRuntime1010_CM4_GCC.a(forward_lite_pool_f32.o)
                              ./X-CUBE-AI/App/ai_model.o (pool_func_mp_array_f32)
../Middlewares/ST/AI/Lib\NetworkRuntime1010_CM4_GCC.a(forward_lite_resize.o)
                              ../Middlewares/ST/AI/Lib\NetworkRuntime1010_CM4_GCC.a(layers_resize.o) (forward_lite_resize_bilinear_if32of32)
../Middlewares/ST/AI/Lib\NetworkRuntime1010_CM4_GCC.a(forward_lite_upsample.o)
                              ../Middlewares/ST/AI/Lib\NetworkRuntime1010_CM4_GCC.a(layers_generic_float.o) (forward_lite_upsample_bilinear_if32of32)
../Middlewares/ST/AI/Lib\NetworkRuntime1010_CM4_GCC.a(forward_lite_upsample_generic.o)
                              ../Middlewares/ST/AI/Lib\NetworkRuntime1010_CM4_GCC.a(layers_generic_float.o) (forward_lite_upsample_nearest)
../Middlewares/ST/AI/Lib\NetworkRuntime1010_CM4_GCC.a(lite_dense_if32.o)
                              ../Middlewares/ST/AI/Lib\NetworkRuntime1010_CM4_GCC.a(layers_conv2d_generic_float.o) (lite_decompress_ilutof32)
../Middlewares/ST/AI/Lib\NetworkRuntime1010_CM4_GCC.a(lite_generic_float.o)
                              ../Middlewares/ST/AI/Lib\NetworkRuntime1010_CM4_GCC.a(layers_generic_float.o) (forward_lite_gather_nd)
../Middlewares/ST/AI/Lib\NetworkRuntime1010_CM4_GCC.a(lite_nl_generic_float.o)
                              ./X-CUBE-AI/App/ai_model.o (forward_lite_nl_relu_if32of32)
../Middlewares/ST/AI/Lib\NetworkRuntime1010_CM4_GCC.a(forward_lite_pad_generic.o)
[...]
Memory Configuration

Name             Origin             Length             Attributes
RAM              0x20000000         0x00018000         xrw
RAM2             0x10000000         0x00008000         xrw
FLASH            0x08000000         0x00100000         xr
*default*        0x00000000         0xffffffff

Linker script and memory map

LOAD C:/ST/STM32CubeIDE_1.14.1/STM32CubeIDE/plugins/com.st.stm32cube.ide.mcu.externaltools.gnu-tools-for-stm32.13.3.rel1.win32_1.0.0.202411081344/tools/bin/../lib/gcc/arm-none-eabi/13.3.1/thumb/v7e-m+fp/hard/crti.o
LOAD C:/ST/STM32CubeIDE_1.14.1/STM32CubeIDE/plugins/com.st.stm32cube.ide.mcu.externaltools.gnu-tools-for-stm32.13.3.rel1.win32_1.0.0.202411081344/tools/bin/../lib/gcc/arm-none-eabi/13.3.1/thumb/v7e-m+fp/hard/crtbegin.o
LOAD C:/ST/STM32CubeIDE_1.14.1/STM32CubeIDE/plugins/com.st.stm32cube.ide.mcu.externaltools.gnu-tools-for-stm32.13.3.rel1.win32_1.0.0.202411081344/tools/bin/../lib/gcc/arm-none-eabi/13.3.1/../../../../arm-none-eabi/lib/thumb/v7e-m+fp/hard/crt0.o
LOAD ./Core/Src/adxl345.o
LOAD ./Core/Src/main.o
LOAD ./Core/Src/stm32l4xx_hal_msp.o
LOAD ./Core/Src/stm32l4xx_it.o
LOAD ./Core/Src/sysmem.o
LOAD ./Core/Src/system_stm32l4xx.o
LOAD ./Core/Startup/startup_stm32l476rgtx.o
LOAD ./Drivers/STM32L4xx_HAL_Driver/Src/stm32l4xx_hal.o
LOAD ./Drivers/STM32L4xx_HAL_Driver/Src/stm32l4xx_hal_cortex.o
LOAD ./Drivers/STM32L4xx_HAL_Driver/Src/stm32l4xx_hal_crc.o
LOAD ./Drivers/STM32L4xx_HAL_Driver/Src/stm32l4xx_hal_crc_ex.o
LOAD ./Drivers/STM32L4xx_HAL_Driver/Src/stm32l4xx_hal_dma.o
LOAD ./Drivers/STM32L4xx_HAL_Driver/Src/stm32l4xx_hal_dma_ex.o
LOAD ./Drivers/STM32L4xx_HAL_Driver/Src/stm32l4xx_hal_exti.o
LOAD ./Drivers/STM32L4xx_HAL_Driver/Src/stm32l4xx_hal_flash.o
LOAD ./Drivers/STM32L4xx_HAL_Driver/Src/stm32l4xx_hal_flash_ex.o
LOAD ./Drivers/STM32L4xx_HAL_Driver/Src/stm32l4xx_hal_flash_ramfunc.o
LOAD ./Drivers/STM32L4xx_HAL_Driver/Src/stm32l4xx_hal_gpio.o
LOAD ./Drivers/STM32L4xx_HAL_Driver/Src/stm32l4xx_hal_i2c.o
LOAD ./Drivers/STM32L4xx_HAL_Driver/Src/stm32l4xx_hal_i2c_ex.o
LOAD ./Drivers/STM32L4xx_HAL_Driver/Src/stm32l4xx_hal_pwr.o
LOAD ./Drivers/STM32L4xx_HAL_Driver/Src/stm32l4xx_hal_pwr_ex.o
LOAD ./Drivers/STM32L4xx_HAL_Driver/Src/stm32l4xx_hal_rcc.o
LOAD ./Drivers/STM32L4xx_HAL_Driver/Src/stm32l4xx_hal_rcc_ex.o
LOAD ./Drivers/STM32L4xx_HAL_Driver/Src/stm32l4xx_hal_spi.o
LOAD ./Drivers/STM32L4xx_HAL_Driver/Src/stm32l4xx_hal_spi_ex.o
LOAD ./Drivers/STM32L4xx_HAL_Driver/Src/stm32l4xx_hal_uart.o
LOAD ./Drivers/STM32L4xx_HAL_Driver/Src/stm32l4xx_hal_uart_ex.o
LOAD ./X-CUBE-AI/App/ai_model.o
LOAD ./X-CUBE-AI/App/ai_model_data.o
LOAD ./X-CUBE-AI/App/ai_model_data_params.o
LOAD ../Middlewares/ST/AI/Lib\NetworkRuntime1010_CM4_GCC.a
START GROUP
LOAD C:/ST/STM32CubeIDE_1.14.1/STM32CubeIDE/plugins/com.st.stm32cube.ide.mcu.externaltools.gnu-tools-for-stm32.13.3.rel1.win32_1.0.0.202411081344/tools/bin/../lib/gcc/arm-none-eabi/13.3.1/../../../../arm-none-eabi/lib/thumb/v7e-m+fp/hard\libc_nano.a
LOAD C:/ST/STM32CubeIDE_1.14.1/STM32CubeIDE/plugins/com.st.stm32cube.ide.mcu.externaltools.gnu-tools-for-stm32.13.3.rel1.win32_1.0.0.202411081344/tools/bin/../lib/gcc/arm-none-eabi/13.3.1/../../../../arm-none-eabi/lib/thumb/v7e-m+fp/hard\libm.a
END GROUP
START GROUP
LOAD C:/ST/STM32CubeIDE_1.14.1/STM32CubeIDE/plugins/com.st.stm32cube.ide.mcu.externaltools.gnu-tools-for-stm32.13.3.rel1.win32_1.0.0.202411081344/tools/bin/../lib/gcc/arm-none-eabi/13.3.1/thumb/v7e-m+fp/hard\libgcc.a
LOAD C:/ST/STM32CubeIDE_1.14.1/STM32CubeIDE/plugins/com.st.stm32cube.ide.mcu.externaltools.gnu-tools-for-stm32.13.3.rel1.win32_1.0.0.202411081344/tools/bin/../lib/gcc/arm-none-eabi/13.3.1/../../../../arm-none-eabi/lib/thumb/v7e-m+fp/hard\libc_nano.a
END GROUP
START GROUP
LOAD C:/ST/STM32CubeIDE_1.14.1/STM32CubeIDE/plugins/com.st.stm32cube.ide.mcu.externaltools.gnu-tools-for-stm32.13.3.rel1.win32_1.0.0.202411081344/tools/bin/../lib/gcc/arm-none-eabi/13.3.1/thumb/v7e-m+fp/hard\libgcc.a
LOAD C:/ST/STM32CubeIDE_1.14.1/STM32CubeIDE/plugins/com.st.stm32cube.ide.mcu.externaltools.gnu-tools-for-stm32.13.3.rel1.win32_1.0.0.202411081344/tools/bin/../lib/gcc/arm-none-eabi/13.3.1/../../../../arm-none-eabi/lib/thumb/v7e-m+fp/hard\libc_nano.a
LOAD C:/ST/STM32CubeIDE_1.14.1/STM32CubeIDE/plugins/com.st.stm32cube.ide.mcu.externaltools.gnu-tools-for-stm32.13.3.rel1.win32_1.0.0.202411081344/tools/bin/../lib/gcc/arm-none-eabi/13.3.1/../../../../arm-none-eabi/lib/thumb/v7e-m+fp/hard\libnosys.a
END GROUP
START GROUP
LOAD C:/ST/STM32CubeIDE_1.14.1/STM32CubeIDE/plugins/com.st.stm32cube.ide.mcu.externaltools.gnu-tools-for-stm32.13.3.rel1.win32_1.0.0.202411081344/tools/bin/../lib/gcc/arm-none-eabi/13.3.1/thumb/v7e-m+fp/hard\libgcc.a
LOAD C:/ST/STM32CubeIDE_1.14.1/STM32CubeIDE/plugins/com.st.stm32cube.ide.mcu.externaltools.gnu-tools-for-stm32.13.3.rel1.win32_1.0.0.202411081344/tools/bin/../lib/gcc/arm-none-eabi/13.3.1/../../../../arm-none-eabi/lib/thumb/v7e-m+fp/hard\libc_nano.a
LOAD C:/ST/STM32CubeIDE_1.14.1/STM32CubeIDE/plugins/com.st.stm32cube.ide.mcu.externaltools.gnu-tools-for-stm32.13.3.rel1.win32_1.0.0.202411081344/tools/bin/../lib/gcc/arm-none-eabi/13.3.1/../../../../arm-none-eabi/lib/thumb/v7e-m+fp/hard\libnosys.a
END GROUP
LOAD C:/ST/STM32CubeIDE_1.14.1/STM32CubeIDE/plugins/com.st.stm32cube.ide.mcu.externaltools.gnu-tools-for-stm32.13.3.rel1.win32_1.0.0.202411081344/tools/bin/../lib/gcc/arm-none-eabi/13.3.1/thumb/v7e-m+fp/hard/crtend.o
LOAD C:/ST/STM32CubeIDE_1.14.1/STM32CubeIDE/plugins/com.st.stm32cube.ide.mcu.externaltools.gnu-tools-for-stm32.13.3.rel1.win32_1.0.0.202411081344/tools/bin/../lib/gcc/arm-none-eabi/13.3.1/thumb/v7e-m+fp/hard/crtn.o
                0x20018000                        _estack = (ORIGIN (RAM) + LENGTH (RAM))
                0x00008000                        _Min_Heap_Size = 0x8000
                0x00008000                        _Min_Stack_Size = 0x8000

.isr_vector     0x08000000      0x188
                0x08000000                        . = ALIGN (0x4)
 *(.isr_vector)
 .isr_vector    0x08000000      0x188 ./Core/Startup/startup_stm32l476rgtx.o
                0x08000000                g_pfnVectors
                0x08000188                        . = ALIGN (0x4)

.text           0x08000190     0xaf94
                0x08000190                        . = ALIGN (0x4)
 *(.text)
 .text          0x08000190       0x40 C:/ST/STM32CubeIDE_1.14.1/STM32CubeIDE/plugins/com.st.stm32cube.ide.mcu.externaltools.gnu-tools-for-stm32.13.3.rel1.win32_1.0.0.202411081344/tools/bin/../lib/gcc/arm-none-eabi/13.3.1/thumb/v7e-m+fp/hard/crtbegin.o
 .text          0x080001d0       0xa0 C:/ST/STM32CubeIDE_1.14.1/STM32CubeIDE/plugins/com.st.stm32cube.ide.mcu.externaltools.gnu-tools-for-stm32.13.3.rel1.win32_1.0.0.202411081344/tools/bin/../lib/gcc/arm-none-eabi/13.3.1/../../../../arm-none-eabi/lib/thumb/v7e-m+fp/hard\libc_nano.a(libc_a-memchr.o)
                0x080001d0                memchr
 .text          0x08000270       0x10 C:/ST/STM32CubeIDE_1.14.1/STM32CubeIDE/plugins/com.st.stm32cube.ide.mcu.externaltools.gnu-tools-for-stm32.13.3.rel1.win32_1.0.0.202411081344/tools/bin/../lib/gcc/arm-none-eabi/13.3.1/../../../../arm-none-eabi/lib/thumb/v7e-m+fp/hard\libc_nano.a(libc_a-strlen.o)
                0x08000270                strlen
 .text          0x08000280      0x378 C:/ST/STM32CubeIDE_1.14.1/STM32CubeIDE/plugins/com.st.stm32cube.ide.mcu.externaltools.gnu-tools-for-stm32.13.3.rel1.win32_1.0.0.202411081344/tools/bin/../lib/gcc/arm-none-eabi/13.3.1/thumb/v7e-m+fp/hard\libgcc.a(_arm_addsubdf3.o)
                0x08000280                __aeabi_drsub
                0x08000288                __aeabi_dsub
                0x08000288                __subdf3
                0x0800028c                __aeabi_dadd
                0x0800028c                __adddf3
                0x08000504                __floatunsidf
                0x08000504                __aeabi_ui2d
                0x08000524                __floatsidf
                0x08000524                __aeabi_i2d
                0x08000548                __aeabi_f2d
                0x08000548                __extendsfdf2
                0x0800058c                __floatundidf
                0x0800058c                __aeabi_ul2d
                0x0800059c                __floatdidf
                0x0800059c                __aeabi_l2d
 .text          0x080005f8      0x424 C:/ST/STM32CubeIDE_1.14.1/STM32CubeIDE/plugins/com.st.stm32cube.ide.mcu.externaltools.gnu-tools-for-stm32.13.3.rel1.win32_1.0.0.202411081344/tools/bin/../lib/gcc/arm-none-eabi/13.3.1/thumb/v7e-m+fp/hard\libgcc.a(_arm_muldivdf3.o)
                0x080005f8                __aeabi_dmul
                0x080005f8                __muldf3
                0x0800084c                __divdf3
                0x0800084c                __aeabi_ddiv
 .text          0x08000a1c      0x110 C:/ST/STM32CubeIDE_1.14.1/STM32CubeIDE/plugins/com.st.stm32cube.ide.mcu.externaltools.gnu-tools-for-stm32.13.3.rel1.win32_1.0.0.202411081344/tools/bin/../lib/gcc/arm-none-eabi/13.3.1/thumb/v7e-m+fp/hard\libgcc.a(_arm_cmpdf2.o)
                0x08000a1c                __gtdf2
                0x08000a1c                __gedf2
                0x08000a24                __ltdf2
                0x08000a24                __ledf2
                0x08000a2c                __nedf2
                0x08000a2c                __eqdf2
                0x08000a2c                __cmpdf2
                0x08000aa8                __aeabi_cdrcmple
                0x08000ab8                __aeabi_cdcmpeq
                0x08000ab8                __aeabi_cdcmple
                0x08000ac8                __aeabi_dcmpeq
                0x08000adc                __aeabi_dcmplt
                0x08000af0                __aeabi_dcmple
                0x08000b04                __aeabi_dcmpge
                0x08000b18                __aeabi_dcmpgt
 .text          0x08000b2c       0x2c C:/ST/STM32CubeIDE_1.14.1/STM32CubeIDE/plugins/com.st.stm32cube.ide.mcu.externaltools.gnu-tools-for-stm32.13.3.rel1.win32_1.0.0.202411081344/tools/bin/../lib/gcc/arm-none-eabi/13.3.1/thumb/v7e-m+fp/hard\libgcc.a(_arm_unorddf2.o)
                0x08000b2c                __unorddf2
                0x08000b2c                __aeabi_dcmpun
 .text          0x08000b58       0x50 C:/ST/STM32CubeIDE_1.14.1/STM32CubeIDE/plugins/com.st.stm32cube.ide.mcu.externaltools.gnu-tools-for-stm32.13.3.rel1.win32_1.0.0.202411081344/tools/bin/../lib/gcc/arm-none-eabi/13.3.1/thumb/v7e-m+fp/hard\libgcc.a(_arm_fixdfsi.o)
                0x08000b58                __aeabi_d2iz
                0x08000b58                __fixdfsi
 .text          0x08000ba8       0x30 C:/ST/STM32CubeIDE_1.14.1/STM32CubeIDE/plugins/com.st.stm32cube.ide.mcu.externaltools.gnu-tools-for-stm32.13.3.rel1.win32_1.0.0.202411081344/tools/bin/../lib/gcc/arm-none-eabi/13.3.1/thumb/v7e-m+fp/hard\libgcc.a(_aeabi_uldivmod.o)
                0x08000ba8                __aeabi_uldivmod
 .text          0x08000bd8      0x2f8 C:/ST/STM32CubeIDE_1.14.1/STM32CubeIDE/plugins/com.st.stm32cube.ide.mcu.externaltools.gnu-tools-for-stm32.13.3.rel1.win32_1.0.0.202411081344/tools/bin/../lib/gcc/arm-none-eabi/13.3.1/thumb/v7e-m+fp/hard\libgcc.a(_udivmoddi4.o)
                0x08000bd8                __udivmoddi4
 .text          0x08000ed0        0x4 C:/ST/STM32CubeIDE_1.14.1/STM32CubeIDE/plugins/com.st.stm32cube.ide.mcu.externaltools.gnu-tools-for-stm32.13.3.rel1.win32_1.0.0.202411081344/tools/bin/../lib/gcc/arm-none-eabi/13.3.1/thumb/v7e-m+fp/hard\libgcc.a(_dvmd_tls.o)
                0x08000ed0                __aeabi_idiv0
                0x08000ed0                __aeabi_ldiv0
 *(.text*)
 .text.normalizeAccelData
                0x08000ed4       0xe4 ./Core/Src/adxl345.o
                0x08000ed4                normalizeAccelData
 .text.calculateMagnitude
                0x08000fb8       0x48 ./Core/Src/adxl345.o
                0x08000fb8                calculateMagnitude
 .text.CS_Select
                0x08001000       0x14 ./Core/Src/adxl345.o
 .text.CS_Deselect
                0x08001014       0x14 ./Core/Src/adxl345.o
 .text.ADXL345_Write
                0x08001028       0x40 ./Core/Src/adxl345.o
                0x08001028                ADXL345_Write
 .text.ADXL345_Read
                0x08001068       0x50 ./Core/Src/adxl345.o
                0x08001068                ADXL345_Read
 .text.ADXL345_Init
                0x080010b8       0x2c ./Core/Src/adxl345.o
                0x080010b8                ADXL345_Init
 .text.ADXL345_GetXYZ
                0x080010e4       0xa8 ./Core/Src/adxl345.o
                0x080010e4                ADXL345_GetXYZ
 .text._write   0x0800118c       0x2c ./Core/Src/main.o
                0x0800118c                _write
 .text.softmax  0x080011b8       0xe6 ./Core/Src/main.o
                0x080011b8                softmax
 *fill*         0x0800129e        0x2 
 .text.main     0x080012a0      0x310 ./Core/Src/main.o
                0x080012a0                main
 .text.SystemClock_Config
                0x080015b0       0xa2 ./Core/Src/main.o
                0x080015b0                SystemClock_Config
 *fill*         0x08001652        0x2 
 .text.MX_CRC_Init
                0x08001654       0x44 ./Core/Src/main.o
 .text.MX_SPI1_Init
                0x08001698       0x7c ./Core/Src/main.o
 .text.MX_USART2_UART_Init
                0x08001714       0x60 ./Core/Src/main.o
                0x08001714                MX_USART2_UART_Init
 .text.MX_GPIO_Init
                0x08001774       0x60 ./Core/Src/main.o
 .text.Error_Handler
                0x080017d4        0xc ./Core/Src/main.o
                0x080017d4                Error_Handler
 .text.HAL_MspInit
                0x080017e0       0x48 ./Core/Src/stm32l4xx_hal_msp.o
                0x080017e0                HAL_MspInit
 .text.HAL_CRC_MspInit
                0x08001828       0x40 ./Core/Src/stm32l4xx_hal_msp.o
                0x08001828                HAL_CRC_MspInit
 .text.HAL_SPI_MspInit
                0x08001868       0x84 ./Core/Src/stm32l4xx_hal_msp.o
                0x08001868                HAL_SPI_MspInit
 .text.HAL_UART_MspInit
                0x080018ec       0xb8 ./Core/Src/stm32l4xx_hal_msp.o
                0x080018ec                HAL_UART_MspInit
 .text.NMI_Handler
                0x080019a4        0x8 ./Core/Src/stm32l4xx_it.o
                0x080019a4                NMI_Handler
 .text.HardFault_Handler
                0x080019ac       0x28 ./Core/Src/stm32l4xx_it.o
                0x080019ac                HardFault_Handler
 .text.MemManage_Handler
                0x080019d4        0x8 ./Core/Src/stm32l4xx_it.o
                0x080019d4                MemManage_Handler
 .text.BusFault_Handler
                0x080019dc        0x8 ./Core/Src/stm32l4xx_it.o
                0x080019dc                BusFault_Handler
 .text.UsageFault_Handler
                0x080019e4        0x8 ./Core/Src/stm32l4xx_it.o
                0x080019e4                UsageFault_Handler
 .text.SVC_Handler
                0x080019ec        0xe ./Core/Src/stm32l4xx_it.o
                0x080019ec                SVC_Handler
 .text.DebugMon_Handler
                0x080019fa        0xe ./Core/Src/stm32l4xx_it.o
                0x080019fa                DebugMon_Handler
 .text.PendSV_Handler
                0x08001a08        0xe ./Core/Src/stm32l4xx_it.o
                0x08001a08                PendSV_Handler
 .text.SysTick_Handler
                0x08001a16        0xc ./Core/Src/stm32l4xx_it.o
                0x08001a16                SysTick_Handler
 *fill*         0x08001a22        0x2 
 .text._sbrk    0x08001a24       0x6c ./Core/Src/sysmem.o
                0x08001a24                _sbrk
 .text.SystemInit
                0x08001a90       0x24 ./Core/Src/system_stm32l4xx.o
                0x08001a90                SystemInit
 .text.Reset_Handler
                0x08001ab4       0x50 ./Core/Startup/startup_stm32l476rgtx.o
                0x08001ab4                Reset_Handler
 .text.Default_Handler
                0x08001b04        0x2 ./Core/Startup/startup_stm32l476rgtx.o
                0x08001b04                RTC_Alarm_IRQHandler
                0x08001b04                EXTI2_IRQHandler
                0x08001b04                TIM8_TRG_COM_IRQHandler
                0x08001b04                TIM8_CC_IRQHandler
                0x08001b04                TIM1_CC_IRQHandler
                0x08001b04                TSC_IRQHandler
                0x08001b04                TAMP_STAMP_IRQHandler
                0x08001b04                EXTI3_IRQHandler
                0x08001b04                LPTIM2_IRQHandler
                0x08001b04                DFSDM1_FLT1_IRQHandler
                0x08001b04                I2C3_ER_IRQHandler
                0x08001b04                DFSDM1_FLT2_IRQHandler
                0x08001b04                EXTI0_IRQHandler
                0x08001b04                I2C2_EV_IRQHandler
                0x08001b04                CAN1_RX0_IRQHandler
                0x08001b04                FPU_IRQHandler
                0x08001b04                TIM1_UP_TIM16_IRQHandler
                0x08001b04                ADC1_2_IRQHandler
                0x08001b04                SPI1_IRQHandler
                0x08001b04                TIM6_DAC_IRQHandler
                0x08001b04                TIM8_UP_IRQHandler
                0x08001b04                DMA2_Channel2_IRQHandler
                0x08001b04                DMA1_Channel4_IRQHandler
                0x08001b04                SAI2_IRQHandler
                0x08001b04                DFSDM1_FLT3_IRQHandler
                0x08001b04                USART3_IRQHandler
                0x08001b04                DMA1_Channel7_IRQHandler
                0x08001b04                CAN1_RX1_IRQHandler
                0x08001b04                LCD_IRQHandler
                0x08001b04                UART5_IRQHandler
                0x08001b04                ADC3_IRQHandler
                0x08001b04                TIM4_IRQHandler
                0x08001b04                DMA2_Channel1_IRQHandler
                0x08001b04                QUADSPI_IRQHandler
                0x08001b04                I2C1_EV_IRQHandler
                0x08001b04                DMA1_Channel6_IRQHandler
                0x08001b04                UART4_IRQHandler
                0x08001b04                DMA2_Channel4_IRQHandler
                0x08001b04                TIM3_IRQHandler
                0x08001b04                RCC_IRQHandler
                0x08001b04                DMA1_Channel1_IRQHandler
                0x08001b04                Default_Handler
                0x08001b04                DMA2_Channel7_IRQHandler
                0x08001b04                EXTI15_10_IRQHandler
                0x08001b04                TIM7_IRQHandler
                0x08001b04                SDMMC1_IRQHandler
                0x08001b04                TIM5_IRQHandler
                0x08001b04                I2C3_EV_IRQHandler
                0x08001b04                EXTI9_5_IRQHandler
                0x08001b04                RTC_WKUP_IRQHandler
                0x08001b04                PVD_PVM_IRQHandler
                0x08001b04                SPI2_IRQHandler
                0x08001b04                CAN1_TX_IRQHandler
                0x08001b04                DMA2_Channel5_IRQHandler
                0x08001b04                DMA1_Channel5_IRQHandler
                0x08001b04                EXTI4_IRQHandler
                0x08001b04                RNG_IRQHandler
                0x08001b04                TIM1_TRG_COM_TIM17_IRQHandler
                0x08001b04                DMA1_Channel3_IRQHandler
                0x08001b04                COMP_IRQHandler
                0x08001b04                WWDG_IRQHandler
                0x08001b04                LPUART1_IRQHandler
                0x08001b04                DMA2_Channel6_IRQHandler
                0x08001b04                TIM2_IRQHandler
                0x08001b04                EXTI1_IRQHandler
                0x08001b04                USART2_IRQHandler
                0x08001b04                DFSDM1_FLT0_IRQHandler
                0x08001b04                I2C2_ER_IRQHandler
                0x08001b04                DMA1_Channel2_IRQHandler
                0x08001b04                TIM8_BRK_IRQHandler
                0x08001b04                CAN1_SCE_IRQHandler
                0x08001b04                FLASH_IRQHandler
                0x08001b04                USART1_IRQHandler
                0x08001b04                OTG_FS_IRQHandler
                0x08001b04                SPI3_IRQHandler
                0x08001b04                I2C1_ER_IRQHandler
                0x08001b04                FMC_IRQHandler
                0x08001b04                SWPMI1_IRQHandler
                0x08001b04                LPTIM1_IRQHandler
                0x08001b04                SAI1_IRQHandler
                0x08001b04                DMA2_Channel3_IRQHandler
                0x08001b04                TIM1_BRK_TIM15_IRQHandler
 *fill*         0x08001b06        0x2 
 .text.HAL_Init
                0x08001b08       0x40 ./Drivers/STM32L4xx_HAL_Driver/Src/stm32l4xx_hal.o
                0x08001b08                HAL_Init
 .text.HAL_InitTick
                0x08001b48       0x78 ./Drivers/STM32L4xx_HAL_Driver/Src/stm32l4xx_hal.o
                0x08001b48                HAL_InitTick
 .text.HAL_IncTick
                0x08001bc0       0x28 ./Drivers/STM32L4xx_HAL_Driver/Src/stm32l4xx_hal.o
                0x08001bc0                HAL_IncTick
 .text.HAL_GetTick
                0x08001be8       0x18 ./Drivers/STM32L4xx_HAL_Driver/Src/stm32l4xx_hal.o
                0x08001be8                HAL_GetTick
 .text.HAL_Delay
                0x08001c00       0x48 ./Drivers/STM32L4xx_HAL_Driver/Src/stm32l4xx_hal.o
                0x08001c00                HAL_Delay
 .text.__NVIC_SetPriorityGrouping
                0x08001c48       0x48 ./Drivers/STM32L4xx_HAL_Driver/Src/stm32l4xx_hal_cortex.o
 .text.__NVIC_GetPriorityGrouping
                0x08001c90       0x1c ./Drivers/STM32L4xx_HAL_Driver/Src/stm32l4xx_hal_cortex.o
 .text.__NVIC_SetPriority
                0x08001cac       0x54 ./Drivers/STM32L4xx_HAL_Driver/Src/stm32l4xx_hal_cortex.o
 .text.NVIC_EncodePriority
                0x08001d00       0x66 ./Drivers/STM32L4xx_HAL_Driver/Src/stm32l4xx_hal_cortex.o
 *fill*         0x08001d66        0x2 
 .text.SysTick_Config
                0x08001d68       0x44 ./Drivers/STM32L4xx_HAL_Driver/Src/stm32l4xx_hal_cortex.o
 .text.HAL_NVIC_SetPriorityGrouping
                0x08001dac       0x16 ./Drivers/STM32L4xx_HAL_Driver/Src/stm32l4xx_hal_cortex.o
                0x08001dac                HAL_NVIC_SetPriorityGrouping
 .text.HAL_NVIC_SetPriority
                0x08001dc2       0x38 ./Drivers/STM32L4xx_HAL_Driver/Src/stm32l4xx_hal_cortex.o
                0x08001dc2                HAL_NVIC_SetPriority
 .text.HAL_SYSTICK_Config
                0x08001dfa       0x18 ./Drivers/STM32L4xx_HAL_Driver/Src/stm32l4xx_hal_cortex.o
                0x08001dfa                HAL_SYSTICK_Config
 *fill*         0x08001e12        0x2 
 .text.HAL_CRC_Init
                0x08001e14       0xc8 ./Drivers/STM32L4xx_HAL_Driver/Src/stm32l4xx_hal_crc.o
                0x08001e14                HAL_CRC_Init
 .text.HAL_CRCEx_Polynomial_Set
                0x08001edc      0x11c ./Drivers/STM32L4xx_HAL_Driver/Src/stm32l4xx_hal_crc_ex.o
                0x08001edc                HAL_CRCEx_Polynomial_Set
 .text.HAL_GPIO_Init
                0x08001ff8      0x354 ./Drivers/STM32L4xx_HAL_Driver/Src/stm32l4xx_hal_gpio.o
                0x08001ff8                HAL_GPIO_Init
 .text.HAL_GPIO_WritePin
                0x0800234c       0x30 ./Drivers/STM32L4xx_HAL_Driver/Src/stm32l4xx_hal_gpio.o
                0x0800234c                HAL_GPIO_WritePin
 .text.HAL_PWREx_GetVoltageRange
                0x0800237c       0x1c ./Drivers/STM32L4xx_HAL_Driver/Src/stm32l4xx_hal_pwr_ex.o
                0x0800237c                HAL_PWREx_GetVoltageRange
 .text.HAL_PWREx_ControlVoltageScaling
                0x08002398       0xac ./Drivers/STM32L4xx_HAL_Driver/Src/stm32l4xx_hal_pwr_ex.o
                0x08002398                HAL_PWREx_ControlVoltageScaling
 .text.HAL_RCC_OscConfig
                0x08002444      0x7b8 ./Drivers/STM32L4xx_HAL_Driver/Src/stm32l4xx_hal_rcc.o
                0x08002444                HAL_RCC_OscConfig
 .text.HAL_RCC_ClockConfig
                0x08002bfc      0x200 ./Drivers/STM32L4xx_HAL_Driver/Src/stm32l4xx_hal_rcc.o
                0x08002bfc                HAL_RCC_ClockConfig
 .text.HAL_RCC_GetSysClockFreq
                0x08002dfc      0x118 ./Drivers/STM32L4xx_HAL_Driver/Src/stm32l4xx_hal_rcc.o
                0x08002dfc                HAL_RCC_GetSysClockFreq
 .text.HAL_RCC_GetHCLKFreq
                0x08002f14       0x18 ./Drivers/STM32L4xx_HAL_Driver/Src/stm32l4xx_hal_rcc.o
                0x08002f14                HAL_RCC_GetHCLKFreq
 .text.HAL_RCC_GetPCLK1Freq
                0x08002f2c       0x2c ./Drivers/STM32L4xx_HAL_Driver/Src/stm32l4xx_hal_rcc.o
                0x08002f2c                HAL_RCC_GetPCLK1Freq
 .text.HAL_RCC_GetPCLK2Freq
                0x08002f58       0x2c ./Drivers/STM32L4xx_HAL_Driver/Src/stm32l4xx_hal_rcc.o
                0x08002f58                HAL_RCC_GetPCLK2Freq
 .text.RCC_SetFlashLatencyFromMSIRange
                0x08002f84       0xc0 ./Drivers/STM32L4xx_HAL_Driver/Src/stm32l4xx_hal_rcc.o
 .text.HAL_RCCEx_PeriphCLKConfig
                0x08003044      0x5d4 ./Drivers/STM32L4xx_HAL_Driver/Src/stm32l4xx_hal_rcc_ex.o
                0x08003044                HAL_RCCEx_PeriphCLKConfig
 .text.RCCEx_PLLSAI1_Config
                0x08003618      0x1e8 ./Drivers/STM32L4xx_HAL_Driver/Src/stm32l4xx_hal_rcc_ex.o
 .text.RCCEx_PLLSAI2_Config
                0x08003800      0x1bc ./Drivers/STM32L4xx_HAL_Driver/Src/stm32l4xx_hal_rcc_ex.o
 .text.HAL_SPI_Init
                0x080039bc      0x146 ./Drivers/STM32L4xx_HAL_Driver/Src/stm32l4xx_hal_spi.o
                0x080039bc                HAL_SPI_Init
 .text.HAL_SPI_Transmit
                0x08003b02      0x2ec ./Drivers/STM32L4xx_HAL_Driver/Src/stm32l4xx_hal_spi.o
                0x08003b02                HAL_SPI_Transmit
 .text.HAL_SPI_Receive
                0x08003dee      0x270 ./Drivers/STM32L4xx_HAL_Driver/Src/stm32l4xx_hal_spi.o
                0x08003dee                HAL_SPI_Receive
 .text.HAL_SPI_TransmitReceive
                0x0800405e      0x43e ./Drivers/STM32L4xx_HAL_Driver/Src/stm32l4xx_hal_spi.o
                0x0800405e                HAL_SPI_TransmitReceive
 .text.SPI_WaitFlagStateUntilTimeout
                0x0800449c      0x110 ./Drivers/STM32L4xx_HAL_Driver/Src/stm32l4xx_hal_spi.o
 .text.SPI_WaitFifoStateUntilTimeout
                0x080045ac      0x12c ./Drivers/STM32L4xx_HAL_Driver/Src/stm32l4xx_hal_spi.o
 .text.SPI_EndRxTransaction
                0x080046d8       0xb0 ./Drivers/STM32L4xx_HAL_Driver/Src/stm32l4xx_hal_spi.o
 .text.SPI_EndRxTxTransaction
                0x08004788       0x8c ./Drivers/STM32L4xx_HAL_Driver/Src/stm32l4xx_hal_spi.o
 .text.HAL_UART_Init
                0x08004814       0x9c ./Drivers/STM32L4xx_HAL_Driver/Src/stm32l4xx_hal_uart.o
                0x08004814                HAL_UART_Init
 .text.HAL_UART_Transmit
                0x080048b0      0x112 ./Drivers/STM32L4xx_HAL_Driver/Src/stm32l4xx_hal_uart.o
                0x080048b0                HAL_UART_Transmit
 *fill*         0x080049c2        0x2 
 .text.UART_SetConfig
                0x080049c4      0x570 ./Drivers/STM32L4xx_HAL_Driver/Src/stm32l4xx_hal_uart.o
                0x080049c4                UART_SetConfig
 .text.UART_AdvFeatureConfig
                0x08004f34      0x144 ./Drivers/STM32L4xx_HAL_Driver/Src/stm32l4xx_hal_uart.o
                0x08004f34                UART_AdvFeatureConfig
 .text.UART_CheckIdleState
                0x08005078      0x150 ./Drivers/STM32L4xx_HAL_Driver/Src/stm32l4xx_hal_uart.o
                0x08005078                UART_CheckIdleState
 .text.UART_WaitOnFlagUntilTimeout
                0x080051c8       0xda ./Drivers/STM32L4xx_HAL_Driver/Src/stm32l4xx_hal_uart.o
                0x080051c8                UART_WaitOnFlagUntilTimeout
 .text.UART_EndRxTransfer
                0x080052a2       0xc8 ./Drivers/STM32L4xx_HAL_Driver/Src/stm32l4xx_hal_uart.o
 *fill*         0x0800536a        0x2 
 .text.ai_model_configure_activations
                0x0800536c      0x1b0 ./X-CUBE-AI/App/ai_model.o
 .text.ai_model_configure_weights
                0x0800551c      0x1d0 ./X-CUBE-AI/App/ai_model.o
 .text.ai_ai_model_get_error
                0x080056ec       0x18 ./X-CUBE-AI/App/ai_model.o
                0x080056ec                ai_ai_model_get_error
 .text.ai_ai_model_create
                0x08005704       0x2c ./X-CUBE-AI/App/ai_model.o
                0x08005704                ai_ai_model_create
 .text.ai_ai_model_create_and_init
                0x08005730       0xfc ./X-CUBE-AI/App/ai_model.o
                0x08005730                ai_ai_model_create_and_init
 .text.ai_ai_model_inputs_get
                0x0800582c       0x34 ./X-CUBE-AI/App/ai_model.o
                0x0800582c                ai_ai_model_inputs_get
 .text.ai_ai_model_outputs_get
                0x08005860       0x34 ./X-CUBE-AI/App/ai_model.o
                0x08005860                ai_ai_model_outputs_get
 .text.ai_ai_model_init
                0x08005894       0x78 ./X-CUBE-AI/App/ai_model.o
                0x08005894                ai_ai_model_init
 .text.ai_ai_model_run
                0x0800590c       0x20 ./X-CUBE-AI/App/ai_model.o
                0x0800590c                ai_ai_model_run
 .text.ai_ai_model_data_params_get
                0x0800592c       0x50 ./X-CUBE-AI/App/ai_model_data.o
                0x0800592c                ai_ai_model_data_params_get
 .text.ai_buffer_get_size
                0x0800597c       0x64 ../Middlewares/ST/AI/Lib\NetworkRuntime1010_CM4_GCC.a(ai_platform.o)
                0x0800597c                ai_buffer_get_size
 .text.ai_buffer_array_sane
                0x080059e0       0x14 ../Middlewares/ST/AI/Lib\NetworkRuntime1010_CM4_GCC.a(ai_platform.o)
                0x080059e0                ai_buffer_array_sane
 .text.ai_buffer_array_item_set_address
                0x080059f4       0x1c ../Middlewares/ST/AI/Lib\NetworkRuntime1010_CM4_GCC.a(ai_platform.o)
                0x080059f4                ai_buffer_array_item_set_address
 .text.ai_platform_get_weights_map
                0x08005a10       0xa4 ../Middlewares/ST/AI/Lib\NetworkRuntime1010_CM4_GCC.a(ai_platform_interface.o)
                0x08005a10                ai_platform_get_weights_map
 .text.ai_platform_get_activations_map
                0x08005ab4       0xa8 ../Middlewares/ST/AI/Lib\NetworkRuntime1010_CM4_GCC.a(ai_platform_interface.o)
                0x08005ab4                ai_platform_get_activations_map
 .text.ai_platform_bind_network_params
                0x08005b5c       0x44 ../Middlewares/ST/AI/Lib\NetworkRuntime1010_CM4_GCC.a(ai_platform_interface.o)
                0x08005b5c                ai_platform_bind_network_params
 .text.ai_platform_network_get_error
                0x08005ba0       0x18 ../Middlewares/ST/AI/Lib\NetworkRuntime1010_CM4_GCC.a(ai_platform_interface.o)
                0x08005ba0                ai_platform_network_get_error
 .text.ai_platform_network_set_error
                0x08005bb8        0xc ../Middlewares/ST/AI/Lib\NetworkRuntime1010_CM4_GCC.a(ai_platform_interface.o)
                0x08005bb8                ai_platform_network_set_error
 .text.ai_platform_inputs_get
                0x08005bc4       0xec ../Middlewares/ST/AI/Lib\NetworkRuntime1010_CM4_GCC.a(ai_platform_interface.o)
                0x08005bc4                ai_platform_inputs_get
 .text.ai_platform_outputs_get
                0x08005cb0       0xe4 ../Middlewares/ST/AI/Lib\NetworkRuntime1010_CM4_GCC.a(ai_platform_interface.o)
                0x08005cb0                ai_platform_outputs_get
 .text.ai_platform_network_create
                0x08005d94       0x84 ../Middlewares/ST/AI/Lib\NetworkRuntime1010_CM4_GCC.a(ai_platform_interface.o)
                0x08005d94                ai_platform_network_create
 .text.ai_platform_network_init
                0x08005e18      0x130 ../Middlewares/ST/AI/Lib\NetworkRuntime1010_CM4_GCC.a(ai_platform_interface.o)
                0x08005e18                ai_platform_network_init
 .text.ai_platform_network_post_init
                0x08005f48       0x5c ../Middlewares/ST/AI/Lib\NetworkRuntime1010_CM4_GCC.a(ai_platform_interface.o)
                0x08005f48                ai_platform_network_post_init
 .text.ai_platform_network_process
                0x08005fa4      0x438 ../Middlewares/ST/AI/Lib\NetworkRuntime1010_CM4_GCC.a(ai_platform_interface.o)
                0x08005fa4                ai_platform_network_process
 .text.core_init
                0x080063dc        0x4 ../Middlewares/ST/AI/Lib\NetworkRuntime1010_CM4_GCC.a(core_common.o)
                0x080063dc                core_init
 .text.core_get_error
                0x080063e0        0xc ../Middlewares/ST/AI/Lib\NetworkRuntime1010_CM4_GCC.a(core_common.o)
                0x080063e0                core_get_error
 .text.core_set_error
                0x080063ec       0x18 ../Middlewares/ST/AI/Lib\NetworkRuntime1010_CM4_GCC.a(core_common.o)
                0x080063ec                core_set_error
 .text.ai_check_custom_types
                0x08006404       0x54 ../Middlewares/ST/AI/Lib\NetworkRuntime1010_CM4_GCC.a(layers.o)
                0x08006404                ai_check_custom_types
 .text.ai_layers_init_all
                0x08006458       0x20 ../Middlewares/ST/AI/Lib\NetworkRuntime1010_CM4_GCC.a(layers.o)
                0x08006458                ai_layers_init_all
 .text.ai_layers_post_init_all
                0x08006478       0x3c ../Middlewares/ST/AI/Lib\NetworkRuntime1010_CM4_GCC.a(layers.o)
                0x08006478                ai_layers_post_init_all
 .text.ai_layers_forward_all
                0x080064b4       0x90 ../Middlewares/ST/AI/Lib\NetworkRuntime1010_CM4_GCC.a(layers.o)
                0x080064b4                ai_layers_forward_all
 .text.forward_conv2d_if32of32wf32_nl_pool
                0x08006544      0x2d4 ../Middlewares/ST/AI/Lib\NetworkRuntime1010_CM4_GCC.a(layers_conv2d_generic_float.o)
                0x08006544                forward_conv2d_if32of32wf32_nl_pool
 .text.forward_dense
                0x08006818      0x100 ../Middlewares/ST/AI/Lib\NetworkRuntime1010_CM4_GCC.a(layers_conv2d_generic_float.o)
                0x08006818                forward_dense
 .text.forward_transpose
                0x08006918      0x168 ../Middlewares/ST/AI/Lib\NetworkRuntime1010_CM4_GCC.a(layers_generic_float.o)
                0x08006918                forward_transpose
 .text.forward_relu
                0x08006a80      0x134 ../Middlewares/ST/AI/Lib\NetworkRuntime1010_CM4_GCC.a(layers_nl_generic_float.o)
                0x08006a80                forward_relu
 .text.forward_lite_conv2d_if32of32wf32_pool
                0x08006bb4      0x830 ../Middlewares/ST/AI/Lib\NetworkRuntime1010_CM4_GCC.a(forward_lite_conv2d_if32of32wf32.o)
                0x08006bb4                forward_lite_conv2d_if32of32wf32_pool
 .text.forward_lite_nl_relu_generic_if32of32_kernel
                0x080073e4       0xf0 ../Middlewares/ST/AI/Lib\NetworkRuntime1010_CM4_GCC.a(lite_nl_relu_if32of32.o)
                0x080073e4                forward_lite_nl_relu_generic_if32of32_kernel
 .text.pool_func_mp_array_f32
                0x080074d4      0x468 ../Middlewares/ST/AI/Lib\NetworkRuntime1010_CM4_GCC.a(forward_lite_pool_f32.o)
                0x080074d4                pool_func_mp_array_f32
 .text.forward_lite_dense_if32of32wf32
                0x0800793c      0x2ac ../Middlewares/ST/AI/Lib\NetworkRuntime1010_CM4_GCC.a(lite_dense_if32.o)
                0x0800793c                forward_lite_dense_if32of32wf32
 .text.forward_lite_dense_if32of32wf32_lut4
                0x08007be8      0x288 ../Middlewares/ST/AI/Lib\NetworkRuntime1010_CM4_GCC.a(lite_dense_if32.o)
                0x08007be8                forward_lite_dense_if32of32wf32_lut4
 .text.forward_lite_dense_if32of32wf32_lut8
                0x08007e70      0x298 ../Middlewares/ST/AI/Lib\NetworkRuntime1010_CM4_GCC.a(lite_dense_if32.o)
                0x08007e70                forward_lite_dense_if32of32wf32_lut8
 .text.forward_lite_nl_relu_if32of32
                0x08008108       0x44 ../Middlewares/ST/AI/Lib\NetworkRuntime1010_CM4_GCC.a(lite_nl_generic_float.o)
                0x08008108                forward_lite_nl_relu_if32of32
 .text.st_int8_copy
                0x0800814c      0x13c ../Middlewares/ST/AI/Lib\NetworkRuntime1010_CM4_GCC.a(st_int8_fill.o)
                0x0800814c                st_int8_copy
 .text.ai_array_to_buffer_fmt
                0x08008288       0xe0 ../Middlewares/ST/AI/Lib\NetworkRuntime1010_CM4_GCC.a(ai_datatypes_format.o)
                0x08008288                ai_array_to_buffer_fmt
 .text.ai_array_get_byte_size
                0x08008368       0x3c ../Middlewares/ST/AI/Lib\NetworkRuntime1010_CM4_GCC.a(ai_datatypes_format.o)
                0x08008368                ai_array_get_byte_size
 .text.ai_array_get_data_byte_size
                0x080083a4       0x24 ../Middlewares/ST/AI/Lib\NetworkRuntime1010_CM4_GCC.a(ai_datatypes_format.o)
                0x080083a4                ai_array_get_data_byte_size
 .text.ai_version_get
                0x080083c8        0xc ../Middlewares/ST/AI/Lib\NetworkRuntime1010_CM4_GCC.a(ai_datatypes_internal.o)
                0x080083c8                ai_version_get
 .text.get_tensor_byte_size
                0x080083d4       0x30 ../Middlewares/ST/AI/Lib\NetworkRuntime1010_CM4_GCC.a(ai_datatypes_internal.o)
                0x080083d4                get_tensor_byte_size
 .text.malloc   0x08008404       0x10 C:/ST/STM32CubeIDE_1.14.1/STM32CubeIDE/plugins/com.st.stm32cube.ide.mcu.externaltools.gnu-tools-for-stm32.13.3.rel1.win32_1.0.0.202411081344/tools/bin/../lib/gcc/arm-none-eabi/13.3.1/../../../../arm-none-eabi/lib/thumb/v7e-m+fp/hard\libc_nano.a(libc_a-malloc.o)
                0x08008404                malloc
 .text.sbrk_aligned
                0x08008414       0x44 C:/ST/STM32CubeIDE_1.14.1/STM32CubeIDE/plugins/com.st.stm32cube.ide.mcu.externaltools.gnu-tools-for-stm32.13.3.rel1.win32_1.0.0.202411081344/tools/bin/../lib/gcc/arm-none-eabi/13.3.1/../../../../arm-none-eabi/lib/thumb/v7e-m+fp/hard\libc_nano.a(libc_a-mallocr.o)
 .text._malloc_r
                0x08008458      0x100 C:/ST/STM32CubeIDE_1.14.1/STM32CubeIDE/plugins/com.st.stm32cube.ide.mcu.externaltools.gnu-tools-for-stm32.13.3.rel1.win32_1.0.0.202411081344/tools/bin/../lib/gcc/arm-none-eabi/13.3.1/../../../../arm-none-eabi/lib/thumb/v7e-m+fp/hard\libc_nano.a(libc_a-mallocr.o)
                0x08008458                _malloc_r
 .text.__malloc_lock
                0x08008558        0xc C:/ST/STM32CubeIDE_1.14.1/STM32CubeIDE/plugins/com.st.stm32cube.ide.mcu.externaltools.gnu-tools-for-stm32.13.3.rel1.win32_1.0.0.202411081344/tools/bin/../lib/gcc/arm-none-eabi/13.3.1/../../../../arm-none-eabi/lib/thumb/v7e-m+fp/hard\libc_nano.a(libc_a-mlock.o)
                0x08008558                __malloc_lock
 .text.__malloc_unlock
                0x08008564        0xc C:/ST/STM32CubeIDE_1.14.1/STM32CubeIDE/plugins/com.st.stm32cube.ide.mcu.externaltools.gnu-tools-for-stm32.13.3.rel1.win32_1.0.0.202411081344/tools/bin/../lib/gcc/arm-none-eabi/13.3.1/../../../../arm-none-eabi/lib/thumb/v7e-m+fp/hard\libc_nano.a(libc_a-mlock.o)
                0x08008564                __malloc_unlock
 .text.__cvt    0x08008570       0xca C:/ST/STM32CubeIDE_1.14.1/STM32CubeIDE/plugins/com.st.stm32cube.ide.mcu.externaltools.gnu-tools-for-stm32.13.3.rel1.win32_1.0.0.202411081344/tools/bin/../lib/gcc/arm-none-eabi/13.3.1/../../../../arm-none-eabi/lib/thumb/v7e-m+fp/hard\libc_nano.a(libc_a-nano-vfprintf_float.o)
                0x08008570                __cvt
 .text.__exponent
                0x0800863a       0x74 C:/ST/STM32CubeIDE_1.14.1/STM32CubeIDE/plugins/com.st.stm32cube.ide.mcu.externaltools.gnu-tools-for-stm32.13.3.rel1.win32_1.0.0.202411081344/tools/bin/../lib/gcc/arm-none-eabi/13.3.1/../../../../arm-none-eabi/lib/thumb/v7e-m+fp/hard\libc_nano.a(libc_a-nano-vfprintf_float.o)
                0x0800863a                __exponent
 *fill*         0x080086ae        0x2 
 .text._printf_float
                0x080086b0      0x454 C:/ST/STM32CubeIDE_1.14.1/STM32CubeIDE/plugins/com.st.stm32cube.ide.mcu.externaltools.gnu-tools-for-stm32.13.3.rel1.win32_1.0.0.202411081344/tools/bin/../lib/gcc/arm-none-eabi/13.3.1/../../../../arm-none-eabi/lib/thumb/v7e-m+fp/hard\libc_nano.a(libc_a-nano-vfprintf_float.o)
                0x080086b0                _printf_float
 .text._printf_common
                0x08008b04       0xda C:/ST/STM32CubeIDE_1.14.1/STM32CubeIDE/plugins/com.st.stm32cube.ide.mcu.externaltools.gnu-tools-for-stm32.13.3.rel1.win32_1.0.0.202411081344/tools/bin/../lib/gcc/arm-none-eabi/13.3.1/../../../../arm-none-eabi/lib/thumb/v7e-m+fp/hard\libc_nano.a(libc_a-nano-vfprintf_i.o)
                0x08008b04                _printf_common
 *fill*         0x08008bde        0x2 
 .text._printf_i
                0x08008be0      0x23c C:/ST/STM32CubeIDE_1.14.1/STM32CubeIDE/plugins/com.st.stm32cube.ide.mcu.externaltools.gnu-tools-for-stm32.13.3.rel1.win32_1.0.0.202411081344/tools/bin/../lib/gcc/arm-none-eabi/13.3.1/../../../../arm-none-eabi/lib/thumb/v7e-m+fp/hard\libc_nano.a(libc_a-nano-vfprintf_i.o)
                0x08008be0                _printf_i
 .text.std      0x08008e1c       0x6c C:/ST/STM32CubeIDE_1.14.1/STM32CubeIDE/plugins/com.st.stm32cube.ide.mcu.externaltools.gnu-tools-for-stm32.13.3.rel1.win32_1.0.0.202411081344/tools/bin/../lib/gcc/arm-none-eabi/13.3.1/../../../../arm-none-eabi/lib/thumb/v7e-m+fp/hard\libc_nano.a(libc_a-findfp.o)
 .text.stdio_exit_handler
                0x08008e88       0x18 C:/ST/STM32CubeIDE_1.14.1/STM32CubeIDE/plugins/com.st.stm32cube.ide.mcu.externaltools.gnu-tools-for-stm32.13.3.rel1.win32_1.0.0.202411081344/tools/bin/../lib/gcc/arm-none-eabi/13.3.1/../../../../arm-none-eabi/lib/thumb/v7e-m+fp/hard\libc_nano.a(libc_a-findfp.o)
 .text.cleanup_stdio
                0x08008ea0       0x40 C:/ST/STM32CubeIDE_1.14.1/STM32CubeIDE/plugins/com.st.stm32cube.ide.mcu.externaltools.gnu-tools-for-stm32.13.3.rel1.win32_1.0.0.202411081344/tools/bin/../lib/gcc/arm-none-eabi/13.3.1/../../../../arm-none-eabi/lib/thumb/v7e-m+fp/hard\libc_nano.a(libc_a-findfp.o)
 .text.global_stdio_init.part.0
                0x08008ee0       0x3c C:/ST/STM32CubeIDE_1.14.1/STM32CubeIDE/plugins/com.st.stm32cube.ide.mcu.externaltools.gnu-tools-for-stm32.13.3.rel1.win32_1.0.0.202411081344/tools/bin/../lib/gcc/arm-none-eabi/13.3.1/../../../../arm-none-eabi/lib/thumb/v7e-m+fp/hard\libc_nano.a(libc_a-findfp.o)
 .text.__sfp_lock_acquire
                0x08008f1c        0xc C:/ST/STM32CubeIDE_1.14.1/STM32CubeIDE/plugins/com.st.stm32cube.ide.mcu.externaltools.gnu-tools-for-stm32.13.3.rel1.win32_1.0.0.202411081344/tools/bin/../lib/gcc/arm-none-eabi/13.3.1/../../../../arm-none-eabi/lib/thumb/v7e-m+fp/hard\libc_nano.a(libc_a-findfp.o)
                0x08008f1c                __sfp_lock_acquire
 .text.__sfp_lock_release
                0x08008f28        0xc C:/ST/STM32CubeIDE_1.14.1/STM32CubeIDE/plugins/com.st.stm32cube.ide.mcu.externaltools.gnu-tools-for-stm32.13.3.rel1.win32_1.0.0.202411081344/tools/bin/../lib/gcc/arm-none-eabi/13.3.1/../../../../arm-none-eabi/lib/thumb/v7e-m+fp/hard\libc_nano.a(libc_a-findfp.o)
                0x08008f28                __sfp_lock_release
 .text.__sinit  0x08008f34       0x30 C:/ST/STM32CubeIDE_1.14.1/STM32CubeIDE/plugins/com.st.stm32cube.ide.mcu.externaltools.gnu-tools-for-stm32.13.3.rel1.win32_1.0.0.202411081344/tools/bin/../lib/gcc/arm-none-eabi/13.3.1/../../../../arm-none-eabi/lib/thumb/v7e-m+fp/hard\libc_nano.a(libc_a-findfp.o)
                0x08008f34                __sinit
 .text._fwalk_sglue
                0x08008f64       0x3c C:/ST/STM32CubeIDE_1.14.1/STM32CubeIDE/plugins/com.st.stm32cube.ide.mcu.externaltools.gnu-tools-for-stm32.13.3.rel1.win32_1.0.0.202411081344/tools/bin/../lib/gcc/arm-none-eabi/13.3.1/../../../../arm-none-eabi/lib/thumb/v7e-m+fp/hard\libc_nano.a(libc_a-fwalk.o)
                0x08008f64                _fwalk_sglue
 .text.printf   0x08008fa0       0x24 C:/ST/STM32CubeIDE_1.14.1/STM32CubeIDE/plugins/com.st.stm32cube.ide.mcu.externaltools.gnu-tools-for-stm32.13.3.rel1.win32_1.0.0.202411081344/tools/bin/../lib/gcc/arm-none-eabi/13.3.1/../../../../arm-none-eabi/lib/thumb/v7e-m+fp/hard\libc_nano.a(libc_a-printf.o)
                0x08008fa0                iprintf
                0x08008fa0                printf
 .text._puts_r  0x08008fc4       0xaa C:/ST/STM32CubeIDE_1.14.1/STM32CubeIDE/plugins/com.st.stm32cube.ide.mcu.externaltools.gnu-tools-for-stm32.13.3.rel1.win32_1.0.0.202411081344/tools/bin/../lib/gcc/arm-none-eabi/13.3.1/../../../../arm-none-eabi/lib/thumb/v7e-m+fp/hard\libc_nano.a(libc_a-puts.o)
                0x08008fc4                _puts_r
 *fill*         0x0800906e        0x2 
 .text.puts     0x08009070       0x10 C:/ST/STM32CubeIDE_1.14.1/STM32CubeIDE/plugins/com.st.stm32cube.ide.mcu.externaltools.gnu-tools-for-stm32.13.3.rel1.win32_1.0.0.202411081344/tools/bin/../lib/gcc/arm-none-eabi/13.3.1/../../../../arm-none-eabi/lib/thumb/v7e-m+fp/hard\libc_nano.a(libc_a-puts.o)
                0x08009070                puts
 .text.__sread  0x08009080       0x22 C:/ST/STM32CubeIDE_1.14.1/STM32CubeIDE/plugins/com.st.stm32cube.ide.mcu.externaltools.gnu-tools-for-stm32.13.3.rel1.win32_1.0.0.202411081344/tools/bin/../lib/gcc/arm-none-eabi/13.3.1/../../../../arm-none-eabi/lib/thumb/v7e-m+fp/hard\libc_nano.a(libc_a-stdio.o)
                0x08009080                __sread
 .text.__swrite
                0x080090a2       0x38 C:/ST/STM32CubeIDE_1.14.1/STM32CubeIDE/plugins/com.st.stm32cube.ide.mcu.externaltools.gnu-tools-for-stm32.13.3.rel1.win32_1.0.0.202411081344/tools/bin/../lib/gcc/arm-none-eabi/13.3.1/../../../../arm-none-eabi/lib/thumb/v7e-m+fp/hard\libc_nano.a(libc_a-stdio.o)
                0x080090a2                __swrite
 .text.__sseek  0x080090da       0x24 C:/ST/STM32CubeIDE_1.14.1/STM32CubeIDE/plugins/com.st.stm32cube.ide.mcu.externaltools.gnu-tools-for-stm32.13.3.rel1.win32_1.0.0.202411081344/tools/bin/../lib/gcc/arm-none-eabi/13.3.1/../../../../arm-none-eabi/lib/thumb/v7e-m+fp/hard\libc_nano.a(libc_a-stdio.o)
                0x080090da                __sseek
 .text.__sclose
                0x080090fe        0x8 C:/ST/STM32CubeIDE_1.14.1/STM32CubeIDE/plugins/com.st.stm32cube.ide.mcu.externaltools.gnu-tools-for-stm32.13.3.rel1.win32_1.0.0.202411081344/tools/bin/../lib/gcc/arm-none-eabi/13.3.1/../../../../arm-none-eabi/lib/thumb/v7e-m+fp/hard\libc_nano.a(libc_a-stdio.o)
                0x080090fe                __sclose
 .text.__swbuf_r
                0x08009106       0x7c C:/ST/STM32CubeIDE_1.14.1/STM32CubeIDE/plugins/com.st.stm32cube.ide.mcu.externaltools.gnu-tools-for-stm32.13.3.rel1.win32_1.0.0.202411081344/tools/bin/../lib/gcc/arm-none-eabi/13.3.1/../../../../arm-none-eabi/lib/thumb/v7e-m+fp/hard\libc_nano.a(libc_a-wbuf.o)
                0x08009106                __swbuf_r
 *fill*         0x08009182        0x2 
 .text.__swsetup_r
                0x08009184       0xac C:/ST/STM32CubeIDE_1.14.1/STM32CubeIDE/plugins/com.st.stm32cube.ide.mcu.externaltools.gnu-tools-for-stm32.13.3.rel1.win32_1.0.0.202411081344/tools/bin/../lib/gcc/arm-none-eabi/13.3.1/../../../../arm-none-eabi/lib/thumb/v7e-m+fp/hard\libc_nano.a(libc_a-wsetup.o)
                0x08009184                __swsetup_r
 .text.memset   0x08009230       0x10 C:/ST/STM32CubeIDE_1.14.1/STM32CubeIDE/plugins/com.st.stm32cube.ide.mcu.externaltools.gnu-tools-for-stm32.13.3.rel1.win32_1.0.0.202411081344/tools/bin/../lib/gcc/arm-none-eabi/13.3.1/../../../../arm-none-eabi/lib/thumb/v7e-m+fp/hard\libc_nano.a(libc_a-memset.o)
                0x08009230                memset
 .text._localeconv_r
                0x08009240        0x8 C:/ST/STM32CubeIDE_1.14.1/STM32CubeIDE/plugins/com.st.stm32cube.ide.mcu.externaltools.gnu-tools-for-stm32.13.3.rel1.win32_1.0.0.202411081344/tools/bin/../lib/gcc/arm-none-eabi/13.3.1/../../../../arm-none-eabi/lib/thumb/v7e-m+fp/hard\libc_nano.a(libc_a-localeconv.o)
                0x08009240                _localeconv_r
 .text._close_r
                0x08009248       0x20 C:/ST/STM32CubeIDE_1.14.1/STM32CubeIDE/plugins/com.st.stm32cube.ide.mcu.externaltools.gnu-tools-for-stm32.13.3.rel1.win32_1.0.0.202411081344/tools/bin/../lib/gcc/arm-none-eabi/13.3.1/../../../../arm-none-eabi/lib/thumb/v7e-m+fp/hard\libc_nano.a(libc_a-closer.o)
                0x08009248                _close_r
 .text._lseek_r
                0x08009268       0x24 C:/ST/STM32CubeIDE_1.14.1/STM32CubeIDE/plugins/com.st.stm32cube.ide.mcu.externaltools.gnu-tools-for-stm32.13.3.rel1.win32_1.0.0.202411081344/tools/bin/../lib/gcc/arm-none-eabi/13.3.1/../../../../arm-none-eabi/lib/thumb/v7e-m+fp/hard\libc_nano.a(libc_a-lseekr.o)
                0x08009268                _lseek_r
 .text._read_r  0x0800928c       0x24 C:/ST/STM32CubeIDE_1.14.1/STM32CubeIDE/plugins/com.st.stm32cube.ide.mcu.externaltools.gnu-tools-for-stm32.13.3.rel1.win32_1.0.0.202411081344/tools/bin/../lib/gcc/arm-none-eabi/13.3.1/../../../../arm-none-eabi/lib/thumb/v7e-m+fp/hard\libc_nano.a(libc_a-readr.o)
                0x0800928c                _read_r
 .text._sbrk_r  0x080092b0       0x20 C:/ST/STM32CubeIDE_1.14.1/STM32CubeIDE/plugins/com.st.stm32cube.ide.mcu.externaltools.gnu-tools-for-stm32.13.3.rel1.win32_1.0.0.202411081344/tools/bin/../lib/gcc/arm-none-eabi/13.3.1/../../../../arm-none-eabi/lib/thumb/v7e-m+fp/hard\libc_nano.a(libc_a-sbrkr.o)
                0x080092b0                _sbrk_r
 .text._write_r
                0x080092d0       0x24 C:/ST/STM32CubeIDE_1.14.1/STM32CubeIDE/plugins/com.st.stm32cube.ide.mcu.externaltools.gnu-tools-for-stm32.13.3.rel1.win32_1.0.0.202411081344/tools/bin/../lib/gcc/arm-none-eabi/13.3.1/../../../../arm-none-eabi/lib/thumb/v7e-m+fp/hard\libc_nano.a(libc_a-writer.o)
                0x080092d0                _write_r
 .text.__errno  0x080092f4        0xc C:/ST/STM32CubeIDE_1.14.1/STM32CubeIDE/plugins/com.st.stm32cube.ide.mcu.externaltools.gnu-tools-for-stm32.13.3.rel1.win32_1.0.0.202411081344/tools/bin/../lib/gcc/arm-none-eabi/13.3.1/../../../../arm-none-eabi/lib/thumb/v7e-m+fp/hard\libc_nano.a(libc_a-errno.o)
                0x080092f4                __errno
 .text.__libc_init_array
                0x08009300       0x48 C:/ST/STM32CubeIDE_1.14.1/STM32CubeIDE/plugins/com.st.stm32cube.ide.mcu.externaltools.gnu-tools-for-stm32.13.3.rel1.win32_1.0.0.202411081344/tools/bin/../lib/gcc/arm-none-eabi/13.3.1/../../../../arm-none-eabi/lib/thumb/v7e-m+fp/hard\libc_nano.a(libc_a-init.o)
                0x08009300                __libc_init_array
 .text.__retarget_lock_init_recursive
                0x08009348        0x2 C:/ST/STM32CubeIDE_1.14.1/STM32CubeIDE/plugins/com.st.stm32cube.ide.mcu.externaltools.gnu-tools-for-stm32.13.3.rel1.win32_1.0.0.202411081344/tools/bin/../lib/gcc/arm-none-eabi/13.3.1/../../../../arm-none-eabi/lib/thumb/v7e-m+fp/hard\libc_nano.a(libc_a-lock.o)
                0x08009348                __retarget_lock_init_recursive
 .text.__retarget_lock_acquire_recursive
                0x0800934a        0x2 C:/ST/STM32CubeIDE_1.14.1/STM32CubeIDE/plugins/com.st.stm32cube.ide.mcu.externaltools.gnu-tools-for-stm32.13.3.rel1.win32_1.0.0.202411081344/tools/bin/../lib/gcc/arm-none-eabi/13.3.1/../../../../arm-none-eabi/lib/thumb/v7e-m+fp/hard\libc_nano.a(libc_a-lock.o)
                0x0800934a                __retarget_lock_acquire_recursive
 .text.__retarget_lock_release_recursive
                0x0800934c        0x2 C:/ST/STM32CubeIDE_1.14.1/STM32CubeIDE/plugins/com.st.stm32cube.ide.mcu.externaltools.gnu-tools-for-stm32.13.3.rel1.win32_1.0.0.202411081344/tools/bin/../lib/gcc/arm-none-eabi/13.3.1/../../../../arm-none-eabi/lib/thumb/v7e-m+fp/hard\libc_nano.a(libc_a-lock.o)
                0x0800934c                __retarget_lock_release_recursive
 .text.memcpy   0x0800934e       0x1c C:/ST/STM32CubeIDE_1.14.1/STM32CubeIDE/plugins/com.st.stm32cube.ide.mcu.externaltools.gnu-tools-for-stm32.13.3.rel1.win32_1.0.0.202411081344/tools/bin/../lib/gcc/arm-none-eabi/13.3.1/../../../../arm-none-eabi/lib/thumb/v7e-m+fp/hard\libc_nano.a(libc_a-memcpy-stub.o)
                0x0800934e                memcpy
 .text.quorem   0x0800936a      0x110 C:/ST/STM32CubeIDE_1.14.1/STM32CubeIDE/plugins/com.st.stm32cube.ide.mcu.externaltools.gnu-tools-for-stm32.13.3.rel1.win32_1.0.0.202411081344/tools/bin/../lib/gcc/arm-none-eabi/13.3.1/../../../../arm-none-eabi/lib/thumb/v7e-m+fp/hard\libc_nano.a(libc_a-dtoa.o)
 *fill*         0x0800947a        0x6 
 .text._dtoa_r  0x08009480      0xba0 C:/ST/STM32CubeIDE_1.14.1/STM32CubeIDE/plugins/com.st.stm32cube.ide.mcu.externaltools.gnu-tools-for-stm32.13.3.rel1.win32_1.0.0.202411081344/tools/bin/../lib/gcc/arm-none-eabi/13.3.1/../../../../arm-none-eabi/lib/thumb/v7e-m+fp/hard\libc_nano.a(libc_a-dtoa.o)
                0x08009480                _dtoa_r
 .text._free_r  0x0800a020       0x94 C:/ST/STM32CubeIDE_1.14.1/STM32CubeIDE/plugins/com.st.stm32cube.ide.mcu.externaltools.gnu-tools-for-stm32.13.3.rel1.win32_1.0.0.202411081344/tools/bin/../lib/gcc/arm-none-eabi/13.3.1/../../../../arm-none-eabi/lib/thumb/v7e-m+fp/hard\libc_nano.a(libc_a-freer.o)
                0x0800a020                _free_r
 .text._Balloc  0x0800a0b4       0x80 C:/ST/STM32CubeIDE_1.14.1/STM32CubeIDE/plugins/com.st.stm32cube.ide.mcu.externaltools.gnu-tools-for-stm32.13.3.rel1.win32_1.0.0.202411081344/tools/bin/../lib/gcc/arm-none-eabi/13.3.1/../../../../arm-none-eabi/lib/thumb/v7e-m+fp/hard\libc_nano.a(libc_a-mprec.o)
                0x0800a0b4                _Balloc
 .text._Bfree   0x0800a134       0x44 C:/ST/STM32CubeIDE_1.14.1/STM32CubeIDE/plugins/com.st.stm32cube.ide.mcu.externaltools.gnu-tools-for-stm32.13.3.rel1.win32_1.0.0.202411081344/tools/bin/../lib/gcc/arm-none-eabi/13.3.1/../../../../arm-none-eabi/lib/thumb/v7e-m+fp/hard\libc_nano.a(libc_a-mprec.o)
                0x0800a134                _Bfree
 .text.__multadd
                0x0800a178       0x8c C:/ST/STM32CubeIDE_1.14.1/STM32CubeIDE/plugins/com.st.stm32cube.ide.mcu.externaltools.gnu-tools-for-stm32.13.3.rel1.win32_1.0.0.202411081344/tools/bin/../lib/gcc/arm-none-eabi/13.3.1/../../../../arm-none-eabi/lib/thumb/v7e-m+fp/hard\libc_nano.a(libc_a-mprec.o)
                0x0800a178                __multadd
 .text.__hi0bits
                0x0800a204       0x3e C:/ST/STM32CubeIDE_1.14.1/STM32CubeIDE/plugins/com.st.stm32cube.ide.mcu.externaltools.gnu-tools-for-stm32.13.3.rel1.win32_1.0.0.202411081344/tools/bin/../lib/gcc/arm-none-eabi/13.3.1/../../../../arm-none-eabi/lib/thumb/v7e-m+fp/hard\libc_nano.a(libc_a-mprec.o)
                0x0800a204                __hi0bits
 .text.__lo0bits
                0x0800a242       0x5a C:/ST/STM32CubeIDE_1.14.1/STM32CubeIDE/plugins/com.st.stm32cube.ide.mcu.externaltools.gnu-tools-for-stm32.13.3.rel1.win32_1.0.0.202411081344/tools/bin/../lib/gcc/arm-none-eabi/13.3.1/../../../../arm-none-eabi/lib/thumb/v7e-m+fp/hard\libc_nano.a(libc_a-mprec.o)
                0x0800a242                __lo0bits
 .text.__i2b    0x0800a29c       0x2c C:/ST/STM32CubeIDE_1.14.1/STM32CubeIDE/plugins/com.st.stm32cube.ide.mcu.externaltools.gnu-tools-for-stm32.13.3.rel1.win32_1.0.0.202411081344/tools/bin/../lib/gcc/arm-none-eabi/13.3.1/../../../../arm-none-eabi/lib/thumb/v7e-m+fp/hard\libc_nano.a(libc_a-mprec.o)
                0x0800a29c                __i2b
 .text.__multiply
                0x0800a2c8      0x144 C:/ST/STM32CubeIDE_1.14.1/STM32CubeIDE/plugins/com.st.stm32cube.ide.mcu.externaltools.gnu-tools-for-stm32.13.3.rel1.win32_1.0.0.202411081344/tools/bin/../lib/gcc/arm-none-eabi/13.3.1/../../../../arm-none-eabi/lib/thumb/v7e-m+fp/hard\libc_nano.a(libc_a-mprec.o)
                0x0800a2c8                __multiply
 .text.__pow5mult
                0x0800a40c       0xb4 C:/ST/STM32CubeIDE_1.14.1/STM32CubeIDE/plugins/com.st.stm32cube.ide.mcu.externaltools.gnu-tools-for-stm32.13.3.rel1.win32_1.0.0.202411081344/tools/bin/../lib/gcc/arm-none-eabi/13.3.1/../../../../arm-none-eabi/lib/thumb/v7e-m+fp/hard\libc_nano.a(libc_a-mprec.o)
                0x0800a40c                __pow5mult
 .text.__lshift
                0x0800a4c0       0xd8 C:/ST/STM32CubeIDE_1.14.1/STM32CubeIDE/plugins/com.st.stm32cube.ide.mcu.externaltools.gnu-tools-for-stm32.13.3.rel1.win32_1.0.0.202411081344/tools/bin/../lib/gcc/arm-none-eabi/13.3.1/../../../../arm-none-eabi/lib/thumb/v7e-m+fp/hard\libc_nano.a(libc_a-mprec.o)
                0x0800a4c0                __lshift
 .text.__mcmp   0x0800a598       0x36 C:/ST/STM32CubeIDE_1.14.1/STM32CubeIDE/plugins/com.st.stm32cube.ide.mcu.externaltools.gnu-tools-for-stm32.13.3.rel1.win32_1.0.0.202411081344/tools/bin/../lib/gcc/arm-none-eabi/13.3.1/../../../../arm-none-eabi/lib/thumb/v7e-m+fp/hard\libc_nano.a(libc_a-mprec.o)
                0x0800a598                __mcmp
 *fill*         0x0800a5ce        0x2 
 .text.__mdiff  0x0800a5d0      0x128 C:/ST/STM32CubeIDE_1.14.1/STM32CubeIDE/plugins/com.st.stm32cube.ide.mcu.externaltools.gnu-tools-for-stm32.13.3.rel1.win32_1.0.0.202411081344/tools/bin/../lib/gcc/arm-none-eabi/13.3.1/../../../../arm-none-eabi/lib/thumb/v7e-m+fp/hard\libc_nano.a(libc_a-mprec.o)
                0x0800a5d0                __mdiff
 .text.__d2b    0x0800a6f8       0xb0 C:/ST/STM32CubeIDE_1.14.1/STM32CubeIDE/plugins/com.st.stm32cube.ide.mcu.externaltools.gnu-tools-for-stm32.13.3.rel1.win32_1.0.0.202411081344/tools/bin/../lib/gcc/arm-none-eabi/13.3.1/../../../../arm-none-eabi/lib/thumb/v7e-m+fp/hard\libc_nano.a(libc_a-mprec.o)
                0x0800a6f8                __d2b
 .text.__sfputc_r
                0x0800a7a8       0x2e C:/ST/STM32CubeIDE_1.14.1/STM32CubeIDE/plugins/com.st.stm32cube.ide.mcu.externaltools.gnu-tools-for-stm32.13.3.rel1.win32_1.0.0.202411081344/tools/bin/../lib/gcc/arm-none-eabi/13.3.1/../../../../arm-none-eabi/lib/thumb/v7e-m+fp/hard\libc_nano.a(libc_a-nano-vfprintf.o)
 .text.__sfputs_r
                0x0800a7d6       0x24 C:/ST/STM32CubeIDE_1.14.1/STM32CubeIDE/plugins/com.st.stm32cube.ide.mcu.externaltools.gnu-tools-for-stm32.13.3.rel1.win32_1.0.0.202411081344/tools/bin/../lib/gcc/arm-none-eabi/13.3.1/../../../../arm-none-eabi/lib/thumb/v7e-m+fp/hard\libc_nano.a(libc_a-nano-vfprintf.o)
                0x0800a7d6                __sfputs_r
 *fill*         0x0800a7fa        0x2 
 .text._vfprintf_r
                0x0800a7fc      0x230 C:/ST/STM32CubeIDE_1.14.1/STM32CubeIDE/plugins/com.st.stm32cube.ide.mcu.externaltools.gnu-tools-for-stm32.13.3.rel1.win32_1.0.0.202411081344/tools/bin/../lib/gcc/arm-none-eabi/13.3.1/../../../../arm-none-eabi/lib/thumb/v7e-m+fp/hard\libc_nano.a(libc_a-nano-vfprintf.o)
                0x0800a7fc                _vfprintf_r
                0x0800a7fc                _vfiprintf_r
 .text.__sflush_r
                0x0800aa2c      0x108 C:/ST/STM32CubeIDE_1.14.1/STM32CubeIDE/plugins/com.st.stm32cube.ide.mcu.externaltools.gnu-tools-for-stm32.13.3.rel1.win32_1.0.0.202411081344/tools/bin/../lib/gcc/arm-none-eabi/13.3.1/../../../../arm-none-eabi/lib/thumb/v7e-m+fp/hard\libc_nano.a(libc_a-fflush.o)
                0x0800aa2c                __sflush_r
 .text._fflush_r
                0x0800ab34       0x50 C:/ST/STM32CubeIDE_1.14.1/STM32CubeIDE/plugins/com.st.stm32cube.ide.mcu.externaltools.gnu-tools-for-stm32.13.3.rel1.win32_1.0.0.202411081344/tools/bin/../lib/gcc/arm-none-eabi/13.3.1/../../../../arm-none-eabi/lib/thumb/v7e-m+fp/hard\libc_nano.a(libc_a-fflush.o)
                0x0800ab34                _fflush_r
 .text.__swhatbuf_r
                0x0800ab84       0x4c C:/ST/STM32CubeIDE_1.14.1/STM32CubeIDE/plugins/com.st.stm32cube.ide.mcu.externaltools.gnu-tools-for-stm32.13.3.rel1.win32_1.0.0.202411081344/tools/bin/../lib/gcc/arm-none-eabi/13.3.1/../../../../arm-none-eabi/lib/thumb/v7e-m+fp/hard\libc_nano.a(libc_a-makebuf.o)
                0x0800ab84                __swhatbuf_r
 .text.__smakebuf_r
                0x0800abd0       0x78 C:/ST/STM32CubeIDE_1.14.1/STM32CubeIDE/plugins/com.st.stm32cube.ide.mcu.externaltools.gnu-tools-for-stm32.13.3.rel1.win32_1.0.0.202411081344/tools/bin/../lib/gcc/arm-none-eabi/13.3.1/../../../../arm-none-eabi/lib/thumb/v7e-m+fp/hard\libc_nano.a(libc_a-makebuf.o)
                0x0800abd0                __smakebuf_r
 .text._fstat_r
                0x0800ac48       0x24 C:/ST/STM32CubeIDE_1.14.1/STM32CubeIDE/plugins/com.st.stm32cube.ide.mcu.externaltools.gnu-tools-for-stm32.13.3.rel1.win32_1.0.0.202411081344/tools/bin/../lib/gcc/arm-none-eabi/13.3.1/../../../../arm-none-eabi/lib/thumb/v7e-m+fp/hard\libc_nano.a(libc_a-fstatr.o)
                0x0800ac48                _fstat_r
 .text._isatty_r
                0x0800ac6c       0x20 C:/ST/STM32CubeIDE_1.14.1/STM32CubeIDE/plugins/com.st.stm32cube.ide.mcu.externaltools.gnu-tools-for-stm32.13.3.rel1.win32_1.0.0.202411081344/tools/bin/../lib/gcc/arm-none-eabi/13.3.1/../../../../arm-none-eabi/lib/thumb/v7e-m+fp/hard\libc_nano.a(libc_a-isattyr.o)
                0x0800ac6c                _isatty_r
 .text.__assert_func
                0x0800ac8c       0x3c C:/ST/STM32CubeIDE_1.14.1/STM32CubeIDE/plugins/com.st.stm32cube.ide.mcu.externaltools.gnu-tools-for-stm32.13.3.rel1.win32_1.0.0.202411081344/tools/bin/../lib/gcc/arm-none-eabi/13.3.1/../../../../arm-none-eabi/lib/thumb/v7e-m+fp/hard\libc_nano.a(libc_a-assert.o)
                0x0800ac8c                __assert_func
 .text._calloc_r
                0x0800acc8       0x28 C:/ST/STM32CubeIDE_1.14.1/STM32CubeIDE/plugins/com.st.stm32cube.ide.mcu.externaltools.gnu-tools-for-stm32.13.3.rel1.win32_1.0.0.202411081344/tools/bin/../lib/gcc/arm-none-eabi/13.3.1/../../../../arm-none-eabi/lib/thumb/v7e-m+fp/hard\libc_nano.a(libc_a-callocr.o)
                0x0800acc8                _calloc_r
 .text.__ascii_mbtowc
                0x0800acf0       0x24 C:/ST/STM32CubeIDE_1.14.1/STM32CubeIDE/plugins/com.st.stm32cube.ide.mcu.externaltools.gnu-tools-for-stm32.13.3.rel1.win32_1.0.0.202411081344/tools/bin/../lib/gcc/arm-none-eabi/13.3.1/../../../../arm-none-eabi/lib/thumb/v7e-m+fp/hard\libc_nano.a(libc_a-mbtowc_r.o)
                0x0800acf0                __ascii_mbtowc
 .text.__ascii_wctomb
                0x0800ad14       0x1a C:/ST/STM32CubeIDE_1.14.1/STM32CubeIDE/plugins/com.st.stm32cube.ide.mcu.externaltools.gnu-tools-for-stm32.13.3.rel1.win32_1.0.0.202411081344/tools/bin/../lib/gcc/arm-none-eabi/13.3.1/../../../../arm-none-eabi/lib/thumb/v7e-m+fp/hard\libc_nano.a(libc_a-wctomb_r.o)
                0x0800ad14                __ascii_wctomb
 *fill*         0x0800ad2e        0x2 
 .text.fprintf  0x0800ad30       0x24 C:/ST/STM32CubeIDE_1.14.1/STM32CubeIDE/plugins/com.st.stm32cube.ide.mcu.externaltools.gnu-tools-for-stm32.13.3.rel1.win32_1.0.0.202411081344/tools/bin/../lib/gcc/arm-none-eabi/13.3.1/../../../../arm-none-eabi/lib/thumb/v7e-m+fp/hard\libc_nano.a(libc_a-fprintf.o)
                0x0800ad30                fiprintf
                0x0800ad30                fprintf
 .text.abort    0x0800ad54        0xe C:/ST/STM32CubeIDE_1.14.1/STM32CubeIDE/plugins/com.st.stm32cube.ide.mcu.externaltools.gnu-tools-for-stm32.13.3.rel1.win32_1.0.0.202411081344/tools/bin/../lib/gcc/arm-none-eabi/13.3.1/../../../../arm-none-eabi/lib/thumb/v7e-m+fp/hard\libc_nano.a(libc_a-abort.o)
                0x0800ad54                abort
 .text._raise_r
                0x0800ad62       0x50 C:/ST/STM32CubeIDE_1.14.1/STM32CubeIDE/plugins/com.st.stm32cube.ide.mcu.externaltools.gnu-tools-for-stm32.13.3.rel1.win32_1.0.0.202411081344/tools/bin/../lib/gcc/arm-none-eabi/13.3.1/../../../../arm-none-eabi/lib/thumb/v7e-m+fp/hard\libc_nano.a(libc_a-signal.o)
                0x0800ad62                _raise_r
 *fill*         0x0800adb2        0x2 
 .text.raise    0x0800adb4       0x10 C:/ST/STM32CubeIDE_1.14.1/STM32CubeIDE/plugins/com.st.stm32cube.ide.mcu.externaltools.gnu-tools-for-stm32.13.3.rel1.win32_1.0.0.202411081344/tools/bin/../lib/gcc/arm-none-eabi/13.3.1/../../../../arm-none-eabi/lib/thumb/v7e-m+fp/hard\libc_nano.a(libc_a-signal.o)
                0x0800adb4                raise
 .text._kill_r  0x0800adc4       0x24 C:/ST/STM32CubeIDE_1.14.1/STM32CubeIDE/plugins/com.st.stm32cube.ide.mcu.externaltools.gnu-tools-for-stm32.13.3.rel1.win32_1.0.0.202411081344/tools/bin/../lib/gcc/arm-none-eabi/13.3.1/../../../../arm-none-eabi/lib/thumb/v7e-m+fp/hard\libc_nano.a(libc_a-signalr.o)
                0x0800adc4                _kill_r
 .text._getpid_r
                0x0800ade8        0x4 C:/ST/STM32CubeIDE_1.14.1/STM32CubeIDE/plugins/com.st.stm32cube.ide.mcu.externaltools.gnu-tools-for-stm32.13.3.rel1.win32_1.0.0.202411081344/tools/bin/../lib/gcc/arm-none-eabi/13.3.1/../../../../arm-none-eabi/lib/thumb/v7e-m+fp/hard\libc_nano.a(libc_a-signalr.o)
                0x0800ade8                _getpid_r
 .text.expf     0x0800adec       0x6c C:/ST/STM32CubeIDE_1.14.1/STM32CubeIDE/plugins/com.st.stm32cube.ide.mcu.externaltools.gnu-tools-for-stm32.13.3.rel1.win32_1.0.0.202411081344/tools/bin/../lib/gcc/arm-none-eabi/13.3.1/../../../../arm-none-eabi/lib/thumb/v7e-m+fp/hard\libm.a(libm_a-wf_exp.o)
                0x0800adec                expf
 .text.sqrtf    0x0800ae58       0x3c C:/ST/STM32CubeIDE_1.14.1/STM32CubeIDE/plugins/com.st.stm32cube.ide.mcu.externaltools.gnu-tools-for-stm32.13.3.rel1.win32_1.0.0.202411081344/tools/bin/../lib/gcc/arm-none-eabi/13.3.1/../../../../arm-none-eabi/lib/thumb/v7e-m+fp/hard\libm.a(libm_a-wf_sqrt.o)
                0x0800ae58                sqrtf
 .text.finitef  0x0800ae94       0x14 C:/ST/STM32CubeIDE_1.14.1/STM32CubeIDE/plugins/com.st.stm32cube.ide.mcu.externaltools.gnu-tools-for-stm32.13.3.rel1.win32_1.0.0.202411081344/tools/bin/../lib/gcc/arm-none-eabi/13.3.1/../../../../arm-none-eabi/lib/thumb/v7e-m+fp/hard\libm.a(libm_a-sf_finite.o)
                0x0800ae94                finitef
 .text.with_errnof
                0x0800aea8       0x1c C:/ST/STM32CubeIDE_1.14.1/STM32CubeIDE/plugins/com.st.stm32cube.ide.mcu.externaltools.gnu-tools-for-stm32.13.3.rel1.win32_1.0.0.202411081344/tools/bin/../lib/gcc/arm-none-eabi/13.3.1/../../../../arm-none-eabi/lib/thumb/v7e-m+fp/hard\libm.a(libm_a-math_errf.o)
 .text.xflowf   0x0800aec4       0x16 C:/ST/STM32CubeIDE_1.14.1/STM32CubeIDE/plugins/com.st.stm32cube.ide.mcu.externaltools.gnu-tools-for-stm32.13.3.rel1.win32_1.0.0.202411081344/tools/bin/../lib/gcc/arm-none-eabi/13.3.1/../../../../arm-none-eabi/lib/thumb/v7e-m+fp/hard\libm.a(libm_a-math_errf.o)
 *fill*         0x0800aeda        0x2 
 .text.__math_uflowf
                0x0800aedc        0xc C:/ST/STM32CubeIDE_1.14.1/STM32CubeIDE/plugins/com.st.stm32cube.ide.mcu.externaltools.gnu-tools-for-stm32.13.3.rel1.win32_1.0.0.202411081344/tools/bin/../lib/gcc/arm-none-eabi/13.3.1/../../../../arm-none-eabi/lib/thumb/v7e-m+fp/hard\libm.a(libm_a-math_errf.o)
                0x0800aedc                __math_uflowf
 .text.__math_oflowf
                0x0800aee8        0xc C:/ST/STM32CubeIDE_1.14.1/STM32CubeIDE/plugins/com.st.stm32cube.ide.mcu.externaltools.gnu-tools-for-stm32.13.3.rel1.win32_1.0.0.202411081344/tools/bin/../lib/gcc/arm-none-eabi/13.3.1/../../../../arm-none-eabi/lib/thumb/v7e-m+fp/hard\libm.a(libm_a-math_errf.o)
                0x0800aee8                __math_oflowf
 .text.__ieee754_sqrtf
                0x0800aef4        0x6 C:/ST/STM32CubeIDE_1.14.1/STM32CubeIDE/plugins/com.st.stm32cube.ide.mcu.externaltools.gnu-tools-for-stm32.13.3.rel1.win32_1.0.0.202411081344/tools/bin/../lib/gcc/arm-none-eabi/13.3.1/../../../../arm-none-eabi/lib/thumb/v7e-m+fp/hard\libm.a(libm_a-ef_sqrt.o)
                0x0800aef4                __ieee754_sqrtf
 *fill*         0x0800aefa        0x2 
 .text.__ieee754_expf
                0x0800aefc      0x19c C:/ST/STM32CubeIDE_1.14.1/STM32CubeIDE/plugins/com.st.stm32cube.ide.mcu.externaltools.gnu-tools-for-stm32.13.3.rel1.win32_1.0.0.202411081344/tools/bin/../lib/gcc/arm-none-eabi/13.3.1/../../../../arm-none-eabi/lib/thumb/v7e-m+fp/hard\libm.a(libm_a-ef_exp.o)
                0x0800aefc                __ieee754_expf
 .text._close   0x0800b098       0x10 C:/ST/STM32CubeIDE_1.14.1/STM32CubeIDE/plugins/com.st.stm32cube.ide.mcu.externaltools.gnu-tools-for-stm32.13.3.rel1.win32_1.0.0.202411081344/tools/bin/../lib/gcc/arm-none-eabi/13.3.1/../../../../arm-none-eabi/lib/thumb/v7e-m+fp/hard\libnosys.a(close.o)
                0x0800b098                _close
 .text._fstat   0x0800b0a8       0x10 C:/ST/STM32CubeIDE_1.14.1/STM32CubeIDE/plugins/com.st.stm32cube.ide.mcu.externaltools.gnu-tools-for-stm32.13.3.rel1.win32_1.0.0.202411081344/tools/bin/../lib/gcc/arm-none-eabi/13.3.1/../../../../arm-none-eabi/lib/thumb/v7e-m+fp/hard\libnosys.a(fstat.o)
                0x0800b0a8                _fstat
 .text._getpid  0x0800b0b8       0x10 C:/ST/STM32CubeIDE_1.14.1/STM32CubeIDE/plugins/com.st.stm32cube.ide.mcu.externaltools.gnu-tools-for-stm32.13.3.rel1.win32_1.0.0.202411081344/tools/bin/../lib/gcc/arm-none-eabi/13.3.1/../../../../arm-none-eabi/lib/thumb/v7e-m+fp/hard\libnosys.a(getpid.o)
                0x0800b0b8                _getpid
 .text._isatty  0x0800b0c8       0x10 C:/ST/STM32CubeIDE_1.14.1/STM32CubeIDE/plugins/com.st.stm32cube.ide.mcu.externaltools.gnu-tools-for-stm32.13.3.rel1.win32_1.0.0.202411081344/tools/bin/../lib/gcc/arm-none-eabi/13.3.1/../../../../arm-none-eabi/lib/thumb/v7e-m+fp/hard\libnosys.a(isatty.o)
                0x0800b0c8                _isatty
 .text._kill    0x0800b0d8       0x10 C:/ST/STM32CubeIDE_1.14.1/STM32CubeIDE/plugins/com.st.stm32cube.ide.mcu.externaltools.gnu-tools-for-stm32.13.3.rel1.win32_1.0.0.202411081344/tools/bin/../lib/gcc/arm-none-eabi/13.3.1/../../../../arm-none-eabi/lib/thumb/v7e-m+fp/hard\libnosys.a(kill.o)
                0x0800b0d8                _kill
 .text._lseek   0x0800b0e8       0x10 C:/ST/STM32CubeIDE_1.14.1/STM32CubeIDE/plugins/com.st.stm32cube.ide.mcu.externaltools.gnu-tools-for-stm32.13.3.rel1.win32_1.0.0.202411081344/tools/bin/../lib/gcc/arm-none-eabi/13.3.1/../../../../arm-none-eabi/lib/thumb/v7e-m+fp/hard\libnosys.a(lseek.o)
                0x0800b0e8                _lseek
 .text._read    0x0800b0f8       0x10 C:/ST/STM32CubeIDE_1.14.1/STM32CubeIDE/plugins/com.st.stm32cube.ide.mcu.externaltools.gnu-tools-for-stm32.13.3.rel1.win32_1.0.0.202411081344/tools/bin/../lib/gcc/arm-none-eabi/13.3.1/../../../../arm-none-eabi/lib/thumb/v7e-m+fp/hard\libnosys.a(read.o)
                0x0800b0f8                _read
 .text._exit    0x0800b108        0x2 C:/ST/STM32CubeIDE_1.14.1/STM32CubeIDE/plugins/com.st.stm32cube.ide.mcu.externaltools.gnu-tools-for-stm32.13.3.rel1.win32_1.0.0.202411081344/tools/bin/../lib/gcc/arm-none-eabi/13.3.1/../../../../arm-none-eabi/lib/thumb/v7e-m+fp/hard\libnosys.a(_exit.o)
                0x0800b108                _exit
 *(.glue_7)
 .glue_7        0x0800b10a        0x0 linker stubs
 *(.glue_7t)
 .glue_7t       0x0800b10a        0x0 linker stubs
 *(.eh_frame)
 *fill*         0x0800b10a        0x2 
 .eh_frame      0x0800b10c        0x0 C:/ST/STM32CubeIDE_1.14.1/STM32CubeIDE/plugins/com.st.stm32cube.ide.mcu.externaltools.gnu-tools-for-stm32.13.3.rel1.win32_1.0.0.202411081344/tools/bin/../lib/gcc/arm-none-eabi/13.3.1/thumb/v7e-m+fp/hard/crtbegin.o
 *(.init)
 .init          0x0800b10c        0x4 C:/ST/STM32CubeIDE_1.14.1/STM32CubeIDE/plugins/com.st.stm32cube.ide.mcu.externaltools.gnu-tools-for-stm32.13.3.rel1.win32_1.0.0.202411081344/tools/bin/../lib/gcc/arm-none-eabi/13.3.1/thumb/v7e-m+fp/hard/crti.o
                0x0800b10c                _init
 .init          0x0800b110        0x8 C:/ST/STM32CubeIDE_1.14.1/STM32CubeIDE/plugins/com.st.stm32cube.ide.mcu.externaltools.gnu-tools-for-stm32.13.3.rel1.win32_1.0.0.202411081344/tools/bin/../lib/gcc/arm-none-eabi/13.3.1/thumb/v7e-m+fp/hard/crtn.o
 *(.fini)
 .fini          0x0800b118        0x4 C:/ST/STM32CubeIDE_1.14.1/STM32CubeIDE/plugins/com.st.stm32cube.ide.mcu.externaltools.gnu-tools-for-stm32.13.3.rel1.win32_1.0.0.202411081344/tools/bin/../lib/gcc/arm-none-eabi/13.3.1/thumb/v7e-m+fp/hard/crti.o
                0x0800b118                _fini
 .fini          0x0800b11c        0x8 C:/ST/STM32CubeIDE_1.14.1/STM32CubeIDE/plugins/com.st.stm32cube.ide.mcu.externaltools.gnu-tools-for-stm32.13.3.rel1.win32_1.0.0.202411081344/tools/bin/../lib/gcc/arm-none-eabi/13.3.1/thumb/v7e-m+fp/hard/crtn.o
                0x0800b124                        . = ALIGN (0x4)
                0x0800b124                        _etext = .

.vfp11_veneer   0x0800b124        0x0
 .vfp11_veneer  0x0800b124        0x0 linker stubs

.v4_bx          0x0800b124        0x0
 .v4_bx         0x0800b124        0x0 linker stubs

.iplt           0x0800b124        0x0
 .iplt          0x0800b124        0x0 C:/ST/STM32CubeIDE_1.14.1/STM32CubeIDE/plugins/com.st.stm32cube.ide.mcu.externaltools.gnu-tools-for-stm32.13.3.rel1.win32_1.0.0.202411081344/tools/bin/../lib/gcc/arm-none-eabi/13.3.1/thumb/v7e-m+fp/hard/crtbegin.o

.rodata         0x0800b140    0x6f7ac
                0x0800b140                        . = ALIGN (0x4)
 *(.rodata)
 .rodata        0x0800b140      0x240 ./Core/Src/main.o
 .rodata        0x0800b380       0x30 ./X-CUBE-AI/App/ai_model_data.o
 *(.rodata*)
 .rodata.AHBPrescTable
                0x0800b3b0       0x10 ./Core/Src/system_stm32l4xx.o
                0x0800b3b0                AHBPrescTable
 .rodata.APBPrescTable
                0x0800b3c0        0x8 ./Core/Src/system_stm32l4xx.o
                0x0800b3c0                APBPrescTable
 .rodata.MSIRangeTable
                0x0800b3c8       0x30 ./Core/Src/system_stm32l4xx.o
                0x0800b3c8                MSIRangeTable
 .rodata.gesture_prediction_chain
                0x0800b3f8        0x8 ./X-CUBE-AI/App/ai_model.o
 .rodata._relu_3_Relu_output_0_chain
                0x0800b400        0x8 ./X-CUBE-AI/App/ai_model.o
 .rodata._fc1_Gemm_output_0_chain
                0x0800b408        0x8 ./X-CUBE-AI/App/ai_model.o
 .rodata._conv3_Conv_output_0_chain
                0x0800b410        0x8 ./X-CUBE-AI/App/ai_model.o
 .rodata._conv2_Conv_output_0_chain
                0x0800b418        0x8 ./X-CUBE-AI/App/ai_model.o
 .rodata._conv1_Conv_output_0_chain
                0x0800b420        0x8 ./X-CUBE-AI/App/ai_model.o
 .rodata.accelerometer_data_Transpose_chain
                0x0800b428        0x8 ./X-CUBE-AI/App/ai_model.o
 *fill*         0x0800b430       0x10 
 .rodata.s_ai_model_weights_array_u64
                0x0800b440    0x6f120 ./X-CUBE-AI/App/ai_model_data_params.o
                0x0800b440                s_ai_model_weights_array_u64
 .rodata._printf_float.str1.1
                0x0807a560      0x171 C:/ST/STM32CubeIDE_1.14.1/STM32CubeIDE/plugins/com.st.stm32cube.ide.mcu.externaltools.gnu-tools-for-stm32.13.3.rel1.win32_1.0.0.202411081344/tools/bin/../lib/gcc/arm-none-eabi/13.3.1/../../../../arm-none-eabi/lib/thumb/v7e-m+fp/hard\libc_nano.a(libc_a-nano-vfprintf_float.o)
                                 0x12 (size before relaxing)
 .rodata._printf_i.str1.1
                0x0807a6d1       0x22 C:/ST/STM32CubeIDE_1.14.1/STM32CubeIDE/plugins/com.st.stm32cube.ide.mcu.externaltools.gnu-tools-for-stm32.13.3.rel1.win32_1.0.0.202411081344/tools/bin/../lib/gcc/arm-none-eabi/13.3.1/../../../../arm-none-eabi/lib/thumb/v7e-m+fp/hard\libc_nano.a(libc_a-nano-vfprintf_i.o)
 .rodata._dtoa_r.str1.1
                0x0807a6d1       0x8f C:/ST/STM32CubeIDE_1.14.1/STM32CubeIDE/plugins/com.st.stm32cube.ide.mcu.externaltools.gnu-tools-for-stm32.13.3.rel1.win32_1.0.0.202411081344/tools/bin/../lib/gcc/arm-none-eabi/13.3.1/../../../../arm-none-eabi/lib/thumb/v7e-m+fp/hard\libc_nano.a(libc_a-dtoa.o)
 .rodata._Balloc.str1.1
                0x0807a6d1       0x70 C:/ST/STM32CubeIDE_1.14.1/STM32CubeIDE/plugins/com.st.stm32cube.ide.mcu.externaltools.gnu-tools-for-stm32.13.3.rel1.win32_1.0.0.202411081344/tools/bin/../lib/gcc/arm-none-eabi/13.3.1/../../../../arm-none-eabi/lib/thumb/v7e-m+fp/hard\libc_nano.a(libc_a-mprec.o)
 .rodata.__multadd.str1.1
                0x0807a6d1       0x11 C:/ST/STM32CubeIDE_1.14.1/STM32CubeIDE/plugins/com.st.stm32cube.ide.mcu.externaltools.gnu-tools-for-stm32.13.3.rel1.win32_1.0.0.202411081344/tools/bin/../lib/gcc/arm-none-eabi/13.3.1/../../../../arm-none-eabi/lib/thumb/v7e-m+fp/hard\libc_nano.a(libc_a-mprec.o)
 *fill*         0x0807a6d1        0x3 
 .rodata.p05.0  0x0807a6d4        0xc C:/ST/STM32CubeIDE_1.14.1/STM32CubeIDE/plugins/com.st.stm32cube.ide.mcu.externaltools.gnu-tools-for-stm32.13.3.rel1.win32_1.0.0.202411081344/tools/bin/../lib/gcc/arm-none-eabi/13.3.1/../../../../arm-none-eabi/lib/thumb/v7e-m+fp/hard\libc_nano.a(libc_a-mprec.o)
 .rodata.__mprec_bigtens
                0x0807a6e0       0x28 C:/ST/STM32CubeIDE_1.14.1/STM32CubeIDE/plugins/com.st.stm32cube.ide.mcu.externaltools.gnu-tools-for-stm32.13.3.rel1.win32_1.0.0.202411081344/tools/bin/../lib/gcc/arm-none-eabi/13.3.1/../../../../arm-none-eabi/lib/thumb/v7e-m+fp/hard\libc_nano.a(libc_a-mprec.o)
                0x0807a6e0                __mprec_bigtens
 .rodata.__mprec_tens
                0x0807a708       0xc8 C:/ST/STM32CubeIDE_1.14.1/STM32CubeIDE/plugins/com.st.stm32cube.ide.mcu.externaltools.gnu-tools-for-stm32.13.3.rel1.win32_1.0.0.202411081344/tools/bin/../lib/gcc/arm-none-eabi/13.3.1/../../../../arm-none-eabi/lib/thumb/v7e-m+fp/hard\libc_nano.a(libc_a-mprec.o)
                0x0807a708                __mprec_tens
 .rodata._vfprintf_r.str1.1
                0x0807a7d0       0x11 C:/ST/STM32CubeIDE_1.14.1/STM32CubeIDE/plugins/com.st.stm32cube.ide.mcu.externaltools.gnu-tools-for-stm32.13.3.rel1.win32_1.0.0.202411081344/tools/bin/../lib/gcc/arm-none-eabi/13.3.1/../../../../arm-none-eabi/lib/thumb/v7e-m+fp/hard\libc_nano.a(libc_a-nano-vfprintf.o)
 .rodata._setlocale_r.str1.1
                0x0807a7d0        0x9 C:/ST/STM32CubeIDE_1.14.1/STM32CubeIDE/plugins/com.st.stm32cube.ide.mcu.externaltools.gnu-tools-for-stm32.13.3.rel1.win32_1.0.0.202411081344/tools/bin/../lib/gcc/arm-none-eabi/13.3.1/../../../../arm-none-eabi/lib/thumb/v7e-m+fp/hard\libc_nano.a(libc_a-locale.o)
 .rodata.str1.1
                0x0807a7d0        0x2 C:/ST/STM32CubeIDE_1.14.1/STM32CubeIDE/plugins/com.st.stm32cube.ide.mcu.externaltools.gnu-tools-for-stm32.13.3.rel1.win32_1.0.0.202411081344/tools/bin/../lib/gcc/arm-none-eabi/13.3.1/../../../../arm-none-eabi/lib/thumb/v7e-m+fp/hard\libc_nano.a(libc_a-locale.o)
 .rodata.__assert_func.str1.1
                0x0807a7d0       0x3d C:/ST/STM32CubeIDE_1.14.1/STM32CubeIDE/plugins/com.st.stm32cube.ide.mcu.externaltools.gnu-tools-for-stm32.13.3.rel1.win32_1.0.0.202411081344/tools/bin/../lib/gcc/arm-none-eabi/13.3.1/../../../../arm-none-eabi/lib/thumb/v7e-m+fp/hard\libc_nano.a(libc_a-assert.o)
 .rodata._ctype_
                0x0807a7d0      0x101 C:/ST/STM32CubeIDE_1.14.1/STM32CubeIDE/plugins/com.st.stm32cube.ide.mcu.externaltools.gnu-tools-for-stm32.13.3.rel1.win32_1.0.0.202411081344/tools/bin/../lib/gcc/arm-none-eabi/13.3.1/../../../../arm-none-eabi/lib/thumb/v7e-m+fp/hard\libc_nano.a(libc_a-ctype_.o)
                0x0807a7d0                _ctype_
 *fill*         0x0807a8d1        0x3 
 .rodata.ln2LO  0x0807a8d4        0x8 C:/ST/STM32CubeIDE_1.14.1/STM32CubeIDE/plugins/com.st.stm32cube.ide.mcu.externaltools.gnu-tools-for-stm32.13.3.rel1.win32_1.0.0.202411081344/tools/bin/../lib/gcc/arm-none-eabi/13.3.1/../../../../arm-none-eabi/lib/thumb/v7e-m+fp/hard\libm.a(libm_a-ef_exp.o)
 .rodata.ln2HI  0x0807a8dc        0x8 C:/ST/STM32CubeIDE_1.14.1/STM32CubeIDE/plugins/com.st.stm32cube.ide.mcu.externaltools.gnu-tools-for-stm32.13.3.rel1.win32_1.0.0.202411081344/tools/bin/../lib/gcc/arm-none-eabi/13.3.1/../../../../arm-none-eabi/lib/thumb/v7e-m+fp/hard\libm.a(libm_a-ef_exp.o)
 .rodata.halF   0x0807a8e4        0x8 C:/ST/STM32CubeIDE_1.14.1/STM32CubeIDE/plugins/com.st.stm32cube.ide.mcu.externaltools.gnu-tools-for-stm32.13.3.rel1.win32_1.0.0.202411081344/tools/bin/../lib/gcc/arm-none-eabi/13.3.1/../../../../arm-none-eabi/lib/thumb/v7e-m+fp/hard\libm.a(libm_a-ef_exp.o)
                0x0807a8ec                        . = ALIGN (0x4)

.ARM.extab      0x0807a8ec        0x0
                0x0807a8ec                        . = ALIGN (0x4)
 *(.ARM.extab* .gnu.linkonce.armextab.*)
                0x0807a8ec                        . = ALIGN (0x4)

.ARM            0x0807a8ec        0x8
                0x0807a8ec                        . = ALIGN (0x4)
                0x0807a8ec                        __exidx_start = .
 *(.ARM.exidx*)
 .ARM.exidx     0x0807a8ec        0x8 C:/ST/STM32CubeIDE_1.14.1/STM32CubeIDE/plugins/com.st.stm32cube.ide.mcu.externaltools.gnu-tools-for-stm32.13.3.rel1.win32_1.0.0.202411081344/tools/bin/../lib/gcc/arm-none-eabi/13.3.1/../../../../arm-none-eabi/lib/thumb/v7e-m+fp/hard\libc_nano.a(libc_a-memchr.o)
 .ARM.exidx     0x0807a8f4        0x0 C:/ST/STM32CubeIDE_1.14.1/STM32CubeIDE/plugins/com.st.stm32cube.ide.mcu.externaltools.gnu-tools-for-stm32.13.3.rel1.win32_1.0.0.202411081344/tools/bin/../lib/gcc/arm-none-eabi/13.3.1/../../../../arm-none-eabi/lib/thumb/v7e-m+fp/hard\libc_nano.a(libc_a-strlen.o)
                                  0x8 (size before relaxing)
 .ARM.exidx     0x0807a8f4        0x0 C:/ST/STM32CubeIDE_1.14.1/STM32CubeIDE/plugins/com.st.stm32cube.ide.mcu.externaltools.gnu-tools-for-stm32.13.3.rel1.win32_1.0.0.202411081344/tools/bin/../lib/gcc/arm-none-eabi/13.3.1/thumb/v7e-m+fp/hard\libgcc.a(_udivmoddi4.o)
                                  0x8 (size before relaxing)
                0x0807a8f4                        __exidx_end = .
                0x0807a8f4                        . = ALIGN (0x4)

.preinit_array  0x0807a8f4        0x0
                0x0807a8f4                        . = ALIGN (0x4)
                0x0807a8f4                        PROVIDE (__preinit_array_start = .)
 *(.preinit_array*)
                0x0807a8f4                        PROVIDE (__preinit_array_end = .)
                0x0807a8f4                        . = ALIGN (0x4)

.init_array     0x0807a8f4        0x4
                0x0807a8f4                        . = ALIGN (0x4)
                0x0807a8f4                        PROVIDE (__init_array_start = .)
 *(SORT_BY_NAME(.init_array.*))
 *(.init_array*)
 .init_array    0x0807a8f4        0x4 C:/ST/STM32CubeIDE_1.14.1/STM32CubeIDE/plugins/com.st.stm32cube.ide.mcu.externaltools.gnu-tools-for-stm32.13.3.rel1.win32_1.0.0.202411081344/tools/bin/../lib/gcc/arm-none-eabi/13.3.1/thumb/v7e-m+fp/hard/crtbegin.o
                0x0807a8f8                        PROVIDE (__init_array_end = .)
                0x0807a8f8                        . = ALIGN (0x4)

.fini_array     0x0807a8f8        0x4
                0x0807a8f8                        . = ALIGN (0x4)
                [!provide]                        PROVIDE (__fini_array_start = .)
 *(SORT_BY_NAME(.fini_array.*))
 *(.fini_array*)
 .fini_array    0x0807a8f8        0x4 C:/ST/STM32CubeIDE_1.14.1/STM32CubeIDE/plugins/com.st.stm32cube.ide.mcu.externaltools.gnu-tools-for-stm32.13.3.rel1.win32_1.0.0.202411081344/tools/bin/../lib/gcc/arm-none-eabi/13.3.1/thumb/v7e-m+fp/hard/crtbegin.o
                [!provide]                        PROVIDE (__fini_array_end = .)
                0x0807a8fc                        . = ALIGN (0x4)
                0x0807a8fc                        _sidata = LOADADDR (.data)

.rel.dyn        0x0807a8fc        0x0
 .rel.iplt      0x0807a8fc        0x0 C:/ST/STM32CubeIDE_1.14.1/STM32CubeIDE/plugins/com.st.stm32cube.ide.mcu.externaltools.gnu-tools-for-stm32.13.3.rel1.win32_1.0.0.202411081344/tools/bin/../lib/gcc/arm-none-eabi/13.3.1/thumb/v7e-m+fp/hard/crtbegin.o

.data           0x20000000      0xe34 load address 0x0807a8fc
                0x20000000                        . = ALIGN (0x4)
                0x20000000                        _sdata = .
 *(.data)
 *(.data*)
 .data.SystemCoreClock
                0x20000000        0x4 ./Core/Src/system_stm32l4xx.o
                0x20000000                SystemCoreClock
 .data.uwTickPrio
                0x20000004        0x4 ./Drivers/STM32L4xx_HAL_Driver/Src/stm32l4xx_hal.o
                0x20000004                uwTickPrio
 .data.uwTickFreq
                0x20000008        0x1 ./Drivers/STM32L4xx_HAL_Driver/Src/stm32l4xx_hal.o
                0x20000008                uwTickFreq
 *fill*         0x20000009        0x3 
 .data.accelerometer_data_output_array
                0x2000000c       0x10 ./X-CUBE-AI/App/ai_model.o
 .data.accelerometer_data_Transpose_output_array
                0x2000001c       0x10 ./X-CUBE-AI/App/ai_model.o
 .data._conv1_Conv_output_0_output_array
                0x2000002c       0x10 ./X-CUBE-AI/App/ai_model.o
 .data._conv2_Conv_output_0_output_array
                0x2000003c       0x10 ./X-CUBE-AI/App/ai_model.o
 .data._conv3_Conv_output_0_output_array
                0x2000004c       0x10 ./X-CUBE-AI/App/ai_model.o
 .data._fc1_Gemm_output_0_output_array
                0x2000005c       0x10 ./X-CUBE-AI/App/ai_model.o
 .data._relu_3_Relu_output_0_output_array
                0x2000006c       0x10 ./X-CUBE-AI/App/ai_model.o
 .data.gesture_prediction_output_array
                0x2000007c       0x10 ./X-CUBE-AI/App/ai_model.o
 .data._conv1_Conv_output_0_weights_array
                0x2000008c       0x10 ./X-CUBE-AI/App/ai_model.o
 .data._conv1_Conv_output_0_bias_array
                0x2000009c       0x10 ./X-CUBE-AI/App/ai_model.o
 .data._conv2_Conv_output_0_weights_array
                0x200000ac       0x10 ./X-CUBE-AI/App/ai_model.o
 .data._conv2_Conv_output_0_bias_array
                0x200000bc       0x10 ./X-CUBE-AI/App/ai_model.o
 .data._conv3_Conv_output_0_weights_array
                0x200000cc       0x10 ./X-CUBE-AI/App/ai_model.o
 .data._conv3_Conv_output_0_bias_array
                0x200000dc       0x10 ./X-CUBE-AI/App/ai_model.o
 .data._fc1_Gemm_output_0_weights_array
                0x200000ec       0x10 ./X-CUBE-AI/App/ai_model.o
 .data._fc1_Gemm_output_0_bias_array
                0x200000fc       0x10 ./X-CUBE-AI/App/ai_model.o
 .data.gesture_prediction_weights_array
                0x2000010c       0x10 ./X-CUBE-AI/App/ai_model.o
 .data.gesture_prediction_bias_array
                0x2000011c       0x10 ./X-CUBE-AI/App/ai_model.o
 .data._conv1_Conv_output_0_scratch0_array
                0x2000012c       0x10 ./X-CUBE-AI/App/ai_model.o
 .data._conv1_Conv_output_0_scratch1_array
                0x2000013c       0x10 ./X-CUBE-AI/App/ai_model.o
 .data._conv2_Conv_output_0_scratch0_array
                0x2000014c       0x10 ./X-CUBE-AI/App/ai_model.o
 .data._conv2_Conv_output_0_scratch1_array
                0x2000015c       0x10 ./X-CUBE-AI/App/ai_model.o
 .data._conv3_Conv_output_0_scratch0_array
                0x2000016c       0x10 ./X-CUBE-AI/App/ai_model.o
 .data._conv3_Conv_output_0_scratch1_array
                0x2000017c       0x10 ./X-CUBE-AI/App/ai_model.o
 .data.__compound_literal.0
                0x2000018c       0x10 ./X-CUBE-AI/App/ai_model.o
 .data.__compound_literal.1
                0x2000019c       0x10 ./X-CUBE-AI/App/ai_model.o
 .data._conv1_Conv_output_0_bias
                0x200001ac       0x1c ./X-CUBE-AI/App/ai_model.o
 .data.__compound_literal.2
                0x200001c8       0x10 ./X-CUBE-AI/App/ai_model.o
 .data.__compound_literal.3
                0x200001d8       0x10 ./X-CUBE-AI/App/ai_model.o
 .data._conv1_Conv_output_0_output
                0x200001e8       0x1c ./X-CUBE-AI/App/ai_model.o
 .data.__compound_literal.4
                0x20000204       0x10 ./X-CUBE-AI/App/ai_model.o
 .data.__compound_literal.5
                0x20000214       0x10 ./X-CUBE-AI/App/ai_model.o
 .data._conv1_Conv_output_0_scratch0
                0x20000224       0x1c ./X-CUBE-AI/App/ai_model.o
 .data.__compound_literal.6
                0x20000240       0x10 ./X-CUBE-AI/App/ai_model.o
 .data.__compound_literal.7
                0x20000250       0x10 ./X-CUBE-AI/App/ai_model.o
 .data._conv1_Conv_output_0_scratch1
                0x20000260       0x1c ./X-CUBE-AI/App/ai_model.o
 .data.__compound_literal.8
                0x2000027c       0x10 ./X-CUBE-AI/App/ai_model.o
 .data.__compound_literal.9
                0x2000028c       0x10 ./X-CUBE-AI/App/ai_model.o
 .data._conv1_Conv_output_0_weights
                0x2000029c       0x1c ./X-CUBE-AI/App/ai_model.o
 .data.__compound_literal.10
                0x200002b8       0x10 ./X-CUBE-AI/App/ai_model.o
 .data.__compound_literal.11
                0x200002c8       0x10 ./X-CUBE-AI/App/ai_model.o
 .data._conv2_Conv_output_0_bias
                0x200002d8       0x1c ./X-CUBE-AI/App/ai_model.o
 .data.__compound_literal.12
                0x200002f4       0x10 ./X-CUBE-AI/App/ai_model.o
 .data.__compound_literal.13
                0x20000304       0x10 ./X-CUBE-AI/App/ai_model.o
 .data._conv2_Conv_output_0_output
                0x20000314       0x1c ./X-CUBE-AI/App/ai_model.o
 .data.__compound_literal.14
                0x20000330       0x10 ./X-CUBE-AI/App/ai_model.o
 .data.__compound_literal.15
                0x20000340       0x10 ./X-CUBE-AI/App/ai_model.o
 .data._conv2_Conv_output_0_scratch0
                0x20000350       0x1c ./X-CUBE-AI/App/ai_model.o
 .data.__compound_literal.16
                0x2000036c       0x10 ./X-CUBE-AI/App/ai_model.o
 .data.__compound_literal.17
                0x2000037c       0x10 ./X-CUBE-AI/App/ai_model.o
 .data._conv2_Conv_output_0_scratch1
                0x2000038c       0x1c ./X-CUBE-AI/App/ai_model.o
 .data.__compound_literal.18
                0x200003a8       0x10 ./X-CUBE-AI/App/ai_model.o
 .data.__compound_literal.19
                0x200003b8       0x10 ./X-CUBE-AI/App/ai_model.o
 .data._conv2_Conv_output_0_weights
                0x200003c8       0x1c ./X-CUBE-AI/App/ai_model.o
 .data.__compound_literal.20
                0x200003e4       0x10 ./X-CUBE-AI/App/ai_model.o
 .data.__compound_literal.21
                0x200003f4       0x10 ./X-CUBE-AI/App/ai_model.o
 .data._conv3_Conv_output_0_bias
                0x20000404       0x1c ./X-CUBE-AI/App/ai_model.o
 .data.__compound_literal.22
                0x20000420       0x10 ./X-CUBE-AI/App/ai_model.o
 .data.__compound_literal.23
                0x20000430       0x10 ./X-CUBE-AI/App/ai_model.o
 .data._conv3_Conv_output_0_output
                0x20000440       0x1c ./X-CUBE-AI/App/ai_model.o
 .data.__compound_literal.24
                0x2000045c       0x10 ./X-CUBE-AI/App/ai_model.o
 .data.__compound_literal.25
                0x2000046c       0x10 ./X-CUBE-AI/App/ai_model.o
 .data._conv3_Conv_output_0_output0
                0x2000047c       0x1c ./X-CUBE-AI/App/ai_model.o
 .data.__compound_literal.26
                0x20000498       0x10 ./X-CUBE-AI/App/ai_model.o
 .data.__compound_literal.27
                0x200004a8       0x10 ./X-CUBE-AI/App/ai_model.o
 .data._conv3_Conv_output_0_scratch0
                0x200004b8       0x1c ./X-CUBE-AI/App/ai_model.o
 .data.__compound_literal.28
                0x200004d4       0x10 ./X-CUBE-AI/App/ai_model.o
 .data.__compound_literal.29
                0x200004e4       0x10 ./X-CUBE-AI/App/ai_model.o
 .data._conv3_Conv_output_0_scratch1
                0x200004f4       0x1c ./X-CUBE-AI/App/ai_model.o
 .data.__compound_literal.30
                0x20000510       0x10 ./X-CUBE-AI/App/ai_model.o
 .data.__compound_literal.31
                0x20000520       0x10 ./X-CUBE-AI/App/ai_model.o
 .data._conv3_Conv_output_0_weights
                0x20000530       0x1c ./X-CUBE-AI/App/ai_model.o
 .data.__compound_literal.32
                0x2000054c       0x10 ./X-CUBE-AI/App/ai_model.o
 .data.__compound_literal.33
                0x2000055c       0x10 ./X-CUBE-AI/App/ai_model.o
 .data._fc1_Gemm_output_0_bias
                0x2000056c       0x1c ./X-CUBE-AI/App/ai_model.o
 .data.__compound_literal.34
                0x20000588       0x10 ./X-CUBE-AI/App/ai_model.o
 .data.__compound_literal.35
                0x20000598       0x10 ./X-CUBE-AI/App/ai_model.o
 .data._fc1_Gemm_output_0_output
                0x200005a8       0x1c ./X-CUBE-AI/App/ai_model.o
 .data.__compound_literal.36
                0x200005c4       0x10 ./X-CUBE-AI/App/ai_model.o
 .data.__compound_literal.37
                0x200005d4       0x10 ./X-CUBE-AI/App/ai_model.o
 .data._fc1_Gemm_output_0_weights
                0x200005e4       0x1c ./X-CUBE-AI/App/ai_model.o
 .data.__compound_literal.38
                0x20000600       0x10 ./X-CUBE-AI/App/ai_model.o
 .data.__compound_literal.39
                0x20000610       0x10 ./X-CUBE-AI/App/ai_model.o
 .data._relu_3_Relu_output_0_output
                0x20000620       0x1c ./X-CUBE-AI/App/ai_model.o
 .data.__compound_literal.40
                0x2000063c       0x10 ./X-CUBE-AI/App/ai_model.o
 .data.__compound_literal.41
                0x2000064c       0x10 ./X-CUBE-AI/App/ai_model.o
 .data.accelerometer_data_Transpose_output
                0x2000065c       0x1c ./X-CUBE-AI/App/ai_model.o
 .data.__compound_literal.42
                0x20000678       0x10 ./X-CUBE-AI/App/ai_model.o
 .data.__compound_literal.43
                0x20000688       0x10 ./X-CUBE-AI/App/ai_model.o
 .data.accelerometer_data_output
                0x20000698       0x1c ./X-CUBE-AI/App/ai_model.o
 .data.__compound_literal.44
                0x200006b4       0x10 ./X-CUBE-AI/App/ai_model.o
 .data.__compound_literal.45
                0x200006c4       0x10 ./X-CUBE-AI/App/ai_model.o
 .data.gesture_prediction_bias
                0x200006d4       0x1c ./X-CUBE-AI/App/ai_model.o
 .data.__compound_literal.46
                0x200006f0       0x10 ./X-CUBE-AI/App/ai_model.o
 .data.__compound_literal.47
                0x20000700       0x10 ./X-CUBE-AI/App/ai_model.o
 .data.gesture_prediction_output
                0x20000710       0x1c ./X-CUBE-AI/App/ai_model.o
 .data.__compound_literal.48
                0x2000072c       0x10 ./X-CUBE-AI/App/ai_model.o
 .data.__compound_literal.49
                0x2000073c       0x10 ./X-CUBE-AI/App/ai_model.o
 .data.gesture_prediction_weights
                0x2000074c       0x1c ./X-CUBE-AI/App/ai_model.o
 .data.__compound_literal.50
                0x20000768        0x4 ./X-CUBE-AI/App/ai_model.o
 .data.__compound_literal.51
                0x2000076c        0x4 ./X-CUBE-AI/App/ai_model.o
 .data.__compound_literal.52
                0x20000770        0x8 ./X-CUBE-AI/App/ai_model.o
 .data.__compound_literal.54